Archive member included to satisfy reference by file (symbol)

C:/ST/STM32CubeIDE_1.6.0/STM32CubeIDE/plugins/com.st.stm32cube.ide.mcu.externaltools.gnu-tools-for-stm32.12.3.rel1.win32_1.0.200.202406191623/tools/bin/../lib/gcc/arm-none-eabi/12.3.1/../../../../arm-none-eabi/lib/thumb/v7e-m+fp/hard\libc_nano.a(libc_a-exit.o)
                              C:/ST/STM32CubeIDE_1.6.0/STM32CubeIDE/plugins/com.st.stm32cube.ide.mcu.externaltools.gnu-tools-for-stm32.12.3.rel1.win32_1.0.200.202406191623/tools/bin/../lib/gcc/arm-none-eabi/12.3.1/../../../../arm-none-eabi/lib/thumb/v7e-m+fp/hard/crt0.o (exit)
C:/ST/STM32CubeIDE_1.6.0/STM32CubeIDE/plugins/com.st.stm32cube.ide.mcu.externaltools.gnu-tools-for-stm32.12.3.rel1.win32_1.0.200.202406191623/tools/bin/../lib/gcc/arm-none-eabi/12.3.1/../../../../arm-none-eabi/lib/thumb/v7e-m+fp/hard\libc_nano.a(libc_a-nano-vfprintf_float.o)
                              (_printf_float)
C:/ST/STM32CubeIDE_1.6.0/STM32CubeIDE/plugins/com.st.stm32cube.ide.mcu.externaltools.gnu-tools-for-stm32.12.3.rel1.win32_1.0.200.202406191623/tools/bin/../lib/gcc/arm-none-eabi/12.3.1/../../../../arm-none-eabi/lib/thumb/v7e-m+fp/hard\libc_nano.a(libc_a-nano-vfprintf_i.o)
                              C:/ST/STM32CubeIDE_1.6.0/STM32CubeIDE/plugins/com.st.stm32cube.ide.mcu.externaltools.gnu-tools-for-stm32.12.3.rel1.win32_1.0.200.202406191623/tools/bin/../lib/gcc/arm-none-eabi/12.3.1/../../../../arm-none-eabi/lib/thumb/v7e-m+fp/hard\libc_nano.a(libc_a-nano-vfprintf_float.o) (_printf_common)
C:/ST/STM32CubeIDE_1.6.0/STM32CubeIDE/plugins/com.st.stm32cube.ide.mcu.externaltools.gnu-tools-for-stm32.12.3.rel1.win32_1.0.200.202406191623/tools/bin/../lib/gcc/arm-none-eabi/12.3.1/../../../../arm-none-eabi/lib/thumb/v7e-m+fp/hard\libc_nano.a(libc_a-findfp.o)
                              C:/ST/STM32CubeIDE_1.6.0/STM32CubeIDE/plugins/com.st.stm32cube.ide.mcu.externaltools.gnu-tools-for-stm32.12.3.rel1.win32_1.0.200.202406191623/tools/bin/../lib/gcc/arm-none-eabi/12.3.1/../../../../arm-none-eabi/lib/thumb/v7e-m+fp/hard\libc_nano.a(libc_a-exit.o) (__stdio_exit_handler)
C:/ST/STM32CubeIDE_1.6.0/STM32CubeIDE/plugins/com.st.stm32cube.ide.mcu.externaltools.gnu-tools-for-stm32.12.3.rel1.win32_1.0.200.202406191623/tools/bin/../lib/gcc/arm-none-eabi/12.3.1/../../../../arm-none-eabi/lib/thumb/v7e-m+fp/hard\libc_nano.a(libc_a-fwalk.o)
                              C:/ST/STM32CubeIDE_1.6.0/STM32CubeIDE/plugins/com.st.stm32cube.ide.mcu.externaltools.gnu-tools-for-stm32.12.3.rel1.win32_1.0.200.202406191623/tools/bin/../lib/gcc/arm-none-eabi/12.3.1/../../../../arm-none-eabi/lib/thumb/v7e-m+fp/hard\libc_nano.a(libc_a-findfp.o) (_fwalk_sglue)
C:/ST/STM32CubeIDE_1.6.0/STM32CubeIDE/plugins/com.st.stm32cube.ide.mcu.externaltools.gnu-tools-for-stm32.12.3.rel1.win32_1.0.200.202406191623/tools/bin/../lib/gcc/arm-none-eabi/12.3.1/../../../../arm-none-eabi/lib/thumb/v7e-m+fp/hard\libc_nano.a(libc_a-sprintf.o)
                              ./Core/Src/main.o (sprintf)
C:/ST/STM32CubeIDE_1.6.0/STM32CubeIDE/plugins/com.st.stm32cube.ide.mcu.externaltools.gnu-tools-for-stm32.12.3.rel1.win32_1.0.200.202406191623/tools/bin/../lib/gcc/arm-none-eabi/12.3.1/../../../../arm-none-eabi/lib/thumb/v7e-m+fp/hard\libc_nano.a(libc_a-stdio.o)
                              C:/ST/STM32CubeIDE_1.6.0/STM32CubeIDE/plugins/com.st.stm32cube.ide.mcu.externaltools.gnu-tools-for-stm32.12.3.rel1.win32_1.0.200.202406191623/tools/bin/../lib/gcc/arm-none-eabi/12.3.1/../../../../arm-none-eabi/lib/thumb/v7e-m+fp/hard\libc_nano.a(libc_a-findfp.o) (__sread)
C:/ST/STM32CubeIDE_1.6.0/STM32CubeIDE/plugins/com.st.stm32cube.ide.mcu.externaltools.gnu-tools-for-stm32.12.3.rel1.win32_1.0.200.202406191623/tools/bin/../lib/gcc/arm-none-eabi/12.3.1/../../../../arm-none-eabi/lib/thumb/v7e-m+fp/hard\libc_nano.a(libc_a-memset.o)
                              C:/ST/STM32CubeIDE_1.6.0/STM32CubeIDE/plugins/com.st.stm32cube.ide.mcu.externaltools.gnu-tools-for-stm32.12.3.rel1.win32_1.0.200.202406191623/tools/bin/../lib/gcc/arm-none-eabi/12.3.1/../../../../arm-none-eabi/lib/thumb/v7e-m+fp/hard/crt0.o (memset)
C:/ST/STM32CubeIDE_1.6.0/STM32CubeIDE/plugins/com.st.stm32cube.ide.mcu.externaltools.gnu-tools-for-stm32.12.3.rel1.win32_1.0.200.202406191623/tools/bin/../lib/gcc/arm-none-eabi/12.3.1/../../../../arm-none-eabi/lib/thumb/v7e-m+fp/hard\libc_nano.a(libc_a-localeconv.o)
                              C:/ST/STM32CubeIDE_1.6.0/STM32CubeIDE/plugins/com.st.stm32cube.ide.mcu.externaltools.gnu-tools-for-stm32.12.3.rel1.win32_1.0.200.202406191623/tools/bin/../lib/gcc/arm-none-eabi/12.3.1/../../../../arm-none-eabi/lib/thumb/v7e-m+fp/hard\libc_nano.a(libc_a-nano-vfprintf_float.o) (_localeconv_r)
C:/ST/STM32CubeIDE_1.6.0/STM32CubeIDE/plugins/com.st.stm32cube.ide.mcu.externaltools.gnu-tools-for-stm32.12.3.rel1.win32_1.0.200.202406191623/tools/bin/../lib/gcc/arm-none-eabi/12.3.1/../../../../arm-none-eabi/lib/thumb/v7e-m+fp/hard\libc_nano.a(libc_a-closer.o)
[...]
Memory Configuration

Name             Origin             Length             Attributes
CCMRAM           0x10000000         0x00010000         xrw
RAM              0x20000000         0x00020000         xrw
FLASH            0x08000000         0x00100000         xr
*default*        0x00000000         0xffffffff

Linker script and memory map

LOAD C:/ST/STM32CubeIDE_1.6.0/STM32CubeIDE/plugins/com.st.stm32cube.ide.mcu.externaltools.gnu-tools-for-stm32.12.3.rel1.win32_1.0.200.202406191623/tools/bin/../lib/gcc/arm-none-eabi/12.3.1/thumb/v7e-m+fp/hard/crti.o
LOAD C:/ST/STM32CubeIDE_1.6.0/STM32CubeIDE/plugins/com.st.stm32cube.ide.mcu.externaltools.gnu-tools-for-stm32.12.3.rel1.win32_1.0.200.202406191623/tools/bin/../lib/gcc/arm-none-eabi/12.3.1/thumb/v7e-m+fp/hard/crtbegin.o
LOAD C:/ST/STM32CubeIDE_1.6.0/STM32CubeIDE/plugins/com.st.stm32cube.ide.mcu.externaltools.gnu-tools-for-stm32.12.3.rel1.win32_1.0.200.202406191623/tools/bin/../lib/gcc/arm-none-eabi/12.3.1/../../../../arm-none-eabi/lib/thumb/v7e-m+fp/hard/crt0.o
LOAD ./Core/Src/ADC.o
LOAD ./Core/Src/FOC.o
LOAD ./Core/Src/KalmanEstim.o
LOAD ./Core/Src/ProcessCmd.o
LOAD ./Core/Src/main.o
LOAD ./Core/Src/stm32f4xx_hal_msp.o
LOAD ./Core/Src/stm32f4xx_it.o
LOAD ./Core/Src/syscalls.o
LOAD ./Core/Src/sysmem.o
LOAD ./Core/Src/system_stm32f4xx.o
LOAD ./Core/Startup/startup_stm32f405rgtx.o
LOAD ./Drivers/STM32F4xx_HAL_Driver/Src/stm32f4xx_hal.o
LOAD ./Drivers/STM32F4xx_HAL_Driver/Src/stm32f4xx_hal_adc.o
LOAD ./Drivers/STM32F4xx_HAL_Driver/Src/stm32f4xx_hal_adc_ex.o
LOAD ./Drivers/STM32F4xx_HAL_Driver/Src/stm32f4xx_hal_cortex.o
LOAD ./Drivers/STM32F4xx_HAL_Driver/Src/stm32f4xx_hal_dac.o
LOAD ./Drivers/STM32F4xx_HAL_Driver/Src/stm32f4xx_hal_dac_ex.o
LOAD ./Drivers/STM32F4xx_HAL_Driver/Src/stm32f4xx_hal_dma.o
LOAD ./Drivers/STM32F4xx_HAL_Driver/Src/stm32f4xx_hal_dma_ex.o
LOAD ./Drivers/STM32F4xx_HAL_Driver/Src/stm32f4xx_hal_exti.o
LOAD ./Drivers/STM32F4xx_HAL_Driver/Src/stm32f4xx_hal_flash.o
LOAD ./Drivers/STM32F4xx_HAL_Driver/Src/stm32f4xx_hal_flash_ex.o
LOAD ./Drivers/STM32F4xx_HAL_Driver/Src/stm32f4xx_hal_flash_ramfunc.o
LOAD ./Drivers/STM32F4xx_HAL_Driver/Src/stm32f4xx_hal_gpio.o
LOAD ./Drivers/STM32F4xx_HAL_Driver/Src/stm32f4xx_hal_pcd.o
LOAD ./Drivers/STM32F4xx_HAL_Driver/Src/stm32f4xx_hal_pcd_ex.o
LOAD ./Drivers/STM32F4xx_HAL_Driver/Src/stm32f4xx_hal_pwr.o
LOAD ./Drivers/STM32F4xx_HAL_Driver/Src/stm32f4xx_hal_pwr_ex.o
LOAD ./Drivers/STM32F4xx_HAL_Driver/Src/stm32f4xx_hal_rcc.o
LOAD ./Drivers/STM32F4xx_HAL_Driver/Src/stm32f4xx_hal_rcc_ex.o
LOAD ./Drivers/STM32F4xx_HAL_Driver/Src/stm32f4xx_hal_spi.o
LOAD ./Drivers/STM32F4xx_HAL_Driver/Src/stm32f4xx_hal_tim.o
LOAD ./Drivers/STM32F4xx_HAL_Driver/Src/stm32f4xx_hal_tim_ex.o
LOAD ./Drivers/STM32F4xx_HAL_Driver/Src/stm32f4xx_ll_adc.o
LOAD ./Drivers/STM32F4xx_HAL_Driver/Src/stm32f4xx_ll_usb.o
LOAD ./Middlewares/ST/STM32_USB_Device_Library/Class/CDC/Src/usbd_cdc.o
LOAD ./Middlewares/ST/STM32_USB_Device_Library/Core/Src/usbd_core.o
LOAD ./Middlewares/ST/STM32_USB_Device_Library/Core/Src/usbd_ctlreq.o
LOAD ./Middlewares/ST/STM32_USB_Device_Library/Core/Src/usbd_ioreq.o
LOAD ./USB_DEVICE/App/usb_device.o
LOAD ./USB_DEVICE/App/usbd_cdc_if.o
LOAD ./USB_DEVICE/App/usbd_desc.o
LOAD ./USB_DEVICE/Target/usbd_conf.o
START GROUP
LOAD C:/ST/STM32CubeIDE_1.6.0/STM32CubeIDE/plugins/com.st.stm32cube.ide.mcu.externaltools.gnu-tools-for-stm32.12.3.rel1.win32_1.0.200.202406191623/tools/bin/../lib/gcc/arm-none-eabi/12.3.1/../../../../arm-none-eabi/lib/thumb/v7e-m+fp/hard\libc_nano.a
LOAD C:/ST/STM32CubeIDE_1.6.0/STM32CubeIDE/plugins/com.st.stm32cube.ide.mcu.externaltools.gnu-tools-for-stm32.12.3.rel1.win32_1.0.200.202406191623/tools/bin/../lib/gcc/arm-none-eabi/12.3.1/../../../../arm-none-eabi/lib/thumb/v7e-m+fp/hard\libm.a
END GROUP
START GROUP
LOAD C:/ST/STM32CubeIDE_1.6.0/STM32CubeIDE/plugins/com.st.stm32cube.ide.mcu.externaltools.gnu-tools-for-stm32.12.3.rel1.win32_1.0.200.202406191623/tools/bin/../lib/gcc/arm-none-eabi/12.3.1/thumb/v7e-m+fp/hard\libgcc.a
LOAD C:/ST/STM32CubeIDE_1.6.0/STM32CubeIDE/plugins/com.st.stm32cube.ide.mcu.externaltools.gnu-tools-for-stm32.12.3.rel1.win32_1.0.200.202406191623/tools/bin/../lib/gcc/arm-none-eabi/12.3.1/../../../../arm-none-eabi/lib/thumb/v7e-m+fp/hard\libc_nano.a
END GROUP
START GROUP
LOAD C:/ST/STM32CubeIDE_1.6.0/STM32CubeIDE/plugins/com.st.stm32cube.ide.mcu.externaltools.gnu-tools-for-stm32.12.3.rel1.win32_1.0.200.202406191623/tools/bin/../lib/gcc/arm-none-eabi/12.3.1/thumb/v7e-m+fp/hard\libgcc.a
LOAD C:/ST/STM32CubeIDE_1.6.0/STM32CubeIDE/plugins/com.st.stm32cube.ide.mcu.externaltools.gnu-tools-for-stm32.12.3.rel1.win32_1.0.200.202406191623/tools/bin/../lib/gcc/arm-none-eabi/12.3.1/../../../../arm-none-eabi/lib/thumb/v7e-m+fp/hard\libc_nano.a
LOAD C:/ST/STM32CubeIDE_1.6.0/STM32CubeIDE/plugins/com.st.stm32cube.ide.mcu.externaltools.gnu-tools-for-stm32.12.3.rel1.win32_1.0.200.202406191623/tools/bin/../lib/gcc/arm-none-eabi/12.3.1/../../../../arm-none-eabi/lib/thumb/v7e-m+fp/hard\libnosys.a
END GROUP
START GROUP
LOAD C:/ST/STM32CubeIDE_1.6.0/STM32CubeIDE/plugins/com.st.stm32cube.ide.mcu.externaltools.gnu-tools-for-stm32.12.3.rel1.win32_1.0.200.202406191623/tools/bin/../lib/gcc/arm-none-eabi/12.3.1/thumb/v7e-m+fp/hard\libgcc.a
LOAD C:/ST/STM32CubeIDE_1.6.0/STM32CubeIDE/plugins/com.st.stm32cube.ide.mcu.externaltools.gnu-tools-for-stm32.12.3.rel1.win32_1.0.200.202406191623/tools/bin/../lib/gcc/arm-none-eabi/12.3.1/../../../../arm-none-eabi/lib/thumb/v7e-m+fp/hard\libc_nano.a
LOAD C:/ST/STM32CubeIDE_1.6.0/STM32CubeIDE/plugins/com.st.stm32cube.ide.mcu.externaltools.gnu-tools-for-stm32.12.3.rel1.win32_1.0.200.202406191623/tools/bin/../lib/gcc/arm-none-eabi/12.3.1/../../../../arm-none-eabi/lib/thumb/v7e-m+fp/hard\libnosys.a
END GROUP
LOAD C:/ST/STM32CubeIDE_1.6.0/STM32CubeIDE/plugins/com.st.stm32cube.ide.mcu.externaltools.gnu-tools-for-stm32.12.3.rel1.win32_1.0.200.202406191623/tools/bin/../lib/gcc/arm-none-eabi/12.3.1/thumb/v7e-m+fp/hard/crtend.o
LOAD C:/ST/STM32CubeIDE_1.6.0/STM32CubeIDE/plugins/com.st.stm32cube.ide.mcu.externaltools.gnu-tools-for-stm32.12.3.rel1.win32_1.0.200.202406191623/tools/bin/../lib/gcc/arm-none-eabi/12.3.1/thumb/v7e-m+fp/hard/crtn.o
                0x20020000                        _estack = (ORIGIN (RAM) + LENGTH (RAM))
                0x00000200                        _Min_Heap_Size = 0x200
                0x00000400                        _Min_Stack_Size = 0x400

.isr_vector     0x08000000      0x188
                0x08000000                        . = ALIGN (0x4)
 *(.isr_vector)
 .isr_vector    0x08000000      0x188 ./Core/Startup/startup_stm32f405rgtx.o
                0x08000000                g_pfnVectors
                0x08000188                        . = ALIGN (0x4)

.text           0x08000190     0xf418
                0x08000190                        . = ALIGN (0x4)
 *(.text)
 .text          0x08000190       0x40 C:/ST/STM32CubeIDE_1.6.0/STM32CubeIDE/plugins/com.st.stm32cube.ide.mcu.externaltools.gnu-tools-for-stm32.12.3.rel1.win32_1.0.200.202406191623/tools/bin/../lib/gcc/arm-none-eabi/12.3.1/thumb/v7e-m+fp/hard/crtbegin.o
 .text          0x080001d0       0xa0 C:/ST/STM32CubeIDE_1.6.0/STM32CubeIDE/plugins/com.st.stm32cube.ide.mcu.externaltools.gnu-tools-for-stm32.12.3.rel1.win32_1.0.200.202406191623/tools/bin/../lib/gcc/arm-none-eabi/12.3.1/../../../../arm-none-eabi/lib/thumb/v7e-m+fp/hard\libc_nano.a(libc_a-memchr.o)
                0x080001d0                memchr
 .text          0x08000270       0x10 C:/ST/STM32CubeIDE_1.6.0/STM32CubeIDE/plugins/com.st.stm32cube.ide.mcu.externaltools.gnu-tools-for-stm32.12.3.rel1.win32_1.0.200.202406191623/tools/bin/../lib/gcc/arm-none-eabi/12.3.1/../../../../arm-none-eabi/lib/thumb/v7e-m+fp/hard\libc_nano.a(libc_a-strlen.o)
                0x08000270                strlen
 .text          0x08000280      0x378 C:/ST/STM32CubeIDE_1.6.0/STM32CubeIDE/plugins/com.st.stm32cube.ide.mcu.externaltools.gnu-tools-for-stm32.12.3.rel1.win32_1.0.200.202406191623/tools/bin/../lib/gcc/arm-none-eabi/12.3.1/thumb/v7e-m+fp/hard\libgcc.a(_arm_addsubdf3.o)
                0x08000280                __aeabi_drsub
                0x08000288                __aeabi_dsub
                0x08000288                __subdf3
                0x0800028c                __aeabi_dadd
                0x0800028c                __adddf3
                0x08000504                __floatunsidf
                0x08000504                __aeabi_ui2d
                0x08000524                __floatsidf
                0x08000524                __aeabi_i2d
                0x08000548                __aeabi_f2d
                0x08000548                __extendsfdf2
                0x0800058c                __floatundidf
                0x0800058c                __aeabi_ul2d
                0x0800059c                __floatdidf
                0x0800059c                __aeabi_l2d
 .text          0x080005f8      0x424 C:/ST/STM32CubeIDE_1.6.0/STM32CubeIDE/plugins/com.st.stm32cube.ide.mcu.externaltools.gnu-tools-for-stm32.12.3.rel1.win32_1.0.200.202406191623/tools/bin/../lib/gcc/arm-none-eabi/12.3.1/thumb/v7e-m+fp/hard\libgcc.a(_arm_muldivdf3.o)
                0x080005f8                __aeabi_dmul
                0x080005f8                __muldf3
                0x0800084c                __divdf3
                0x0800084c                __aeabi_ddiv
 .text          0x08000a1c      0x110 C:/ST/STM32CubeIDE_1.6.0/STM32CubeIDE/plugins/com.st.stm32cube.ide.mcu.externaltools.gnu-tools-for-stm32.12.3.rel1.win32_1.0.200.202406191623/tools/bin/../lib/gcc/arm-none-eabi/12.3.1/thumb/v7e-m+fp/hard\libgcc.a(_arm_cmpdf2.o)
                0x08000a1c                __gtdf2
                0x08000a1c                __gedf2
                0x08000a24                __ltdf2
                0x08000a24                __ledf2
                0x08000a2c                __nedf2
                0x08000a2c                __eqdf2
                0x08000a2c                __cmpdf2
                0x08000aa8                __aeabi_cdrcmple
                0x08000ab8                __aeabi_cdcmpeq
                0x08000ab8                __aeabi_cdcmple
                0x08000ac8                __aeabi_dcmpeq
                0x08000adc                __aeabi_dcmplt
                0x08000af0                __aeabi_dcmple
                0x08000b04                __aeabi_dcmpge
                0x08000b18                __aeabi_dcmpgt
 .text          0x08000b2c       0x2c C:/ST/STM32CubeIDE_1.6.0/STM32CubeIDE/plugins/com.st.stm32cube.ide.mcu.externaltools.gnu-tools-for-stm32.12.3.rel1.win32_1.0.200.202406191623/tools/bin/../lib/gcc/arm-none-eabi/12.3.1/thumb/v7e-m+fp/hard\libgcc.a(_arm_unorddf2.o)
                0x08000b2c                __unorddf2
                0x08000b2c                __aeabi_dcmpun
 .text          0x08000b58       0x50 C:/ST/STM32CubeIDE_1.6.0/STM32CubeIDE/plugins/com.st.stm32cube.ide.mcu.externaltools.gnu-tools-for-stm32.12.3.rel1.win32_1.0.200.202406191623/tools/bin/../lib/gcc/arm-none-eabi/12.3.1/thumb/v7e-m+fp/hard\libgcc.a(_arm_fixdfsi.o)
                0x08000b58                __aeabi_d2iz
                0x08000b58                __fixdfsi
 .text          0x08000ba8       0xa0 C:/ST/STM32CubeIDE_1.6.0/STM32CubeIDE/plugins/com.st.stm32cube.ide.mcu.externaltools.gnu-tools-for-stm32.12.3.rel1.win32_1.0.200.202406191623/tools/bin/../lib/gcc/arm-none-eabi/12.3.1/thumb/v7e-m+fp/hard\libgcc.a(_arm_truncdfsf2.o)
                0x08000ba8                __truncdfsf2
                0x08000ba8                __aeabi_d2f
 .text          0x08000c48       0x30 C:/ST/STM32CubeIDE_1.6.0/STM32CubeIDE/plugins/com.st.stm32cube.ide.mcu.externaltools.gnu-tools-for-stm32.12.3.rel1.win32_1.0.200.202406191623/tools/bin/../lib/gcc/arm-none-eabi/12.3.1/thumb/v7e-m+fp/hard\libgcc.a(_aeabi_uldivmod.o)
                0x08000c48                __aeabi_uldivmod
 .text          0x08000c78      0x2bc C:/ST/STM32CubeIDE_1.6.0/STM32CubeIDE/plugins/com.st.stm32cube.ide.mcu.externaltools.gnu-tools-for-stm32.12.3.rel1.win32_1.0.200.202406191623/tools/bin/../lib/gcc/arm-none-eabi/12.3.1/thumb/v7e-m+fp/hard\libgcc.a(_udivmoddi4.o)
                0x08000c78                __udivmoddi4
 .text          0x08000f34        0x4 C:/ST/STM32CubeIDE_1.6.0/STM32CubeIDE/plugins/com.st.stm32cube.ide.mcu.externaltools.gnu-tools-for-stm32.12.3.rel1.win32_1.0.200.202406191623/tools/bin/../lib/gcc/arm-none-eabi/12.3.1/thumb/v7e-m+fp/hard\libgcc.a(_dvmd_tls.o)
                0x08000f34                __aeabi_idiv0
                0x08000f34                __aeabi_ldiv0
 *(.text*)
 .text.adc_to_current
                0x08000f38       0x48 ./Core/Src/FOC.o
 .text.HAL_ADC_ConvCpltCallback
                0x08000f80       0xfc ./Core/Src/FOC.o
                0x08000f80                HAL_ADC_ConvCpltCallback
 *fill*         0x0800107c        0x4 
 .text.getMechanicalAngle
                0x08001080       0xe0 ./Core/Src/FOC.o
 .text.getElectricalAngle
                0x08001160       0x1a ./Core/Src/FOC.o
 *fill*         0x0800117a        0x2 
 .text.FOC_Init
                0x0800117c       0xa8 ./Core/Src/FOC.o
                0x0800117c                FOC_Init
 .text.FOC_Update
                0x08001224      0x360 ./Core/Src/FOC.o
                0x08001224                FOC_Update
 *fill*         0x08001584        0x4 
 .text.updateEncoders
                0x08001588      0x208 ./Core/Src/FOC.o
                0x08001588                updateEncoders
 .text.FOC_UpdateLQR_Integral
                0x08001790      0x2e4 ./Core/Src/FOC.o
                0x08001790                FOC_UpdateLQR_Integral
 .text.Kalman_Init
                0x08001a74       0x60 ./Core/Src/KalmanEstim.o
                0x08001a74                Kalman_Init
 .text.execute_command
                0x08001ad4       0x64 ./Core/Src/ProcessCmd.o
                0x08001ad4                execute_command
 .text.ChechCMD
                0x08001b38       0xb4 ./Core/Src/ProcessCmd.o
                0x08001b38                ChechCMD
 .text.main     0x08001bec      0x39c ./Core/Src/main.o
                0x08001bec                main
 .text.SystemClock_Config
                0x08001f88       0xd4 ./Core/Src/main.o
                0x08001f88                SystemClock_Config
 .text.MX_ADC1_Init
                0x0800205c      0x114 ./Core/Src/main.o
 .text.MX_DAC_Init
                0x08002170       0x68 ./Core/Src/main.o
 .text.MX_SPI2_Init
                0x080021d8       0x6c ./Core/Src/main.o
 .text.MX_TIM1_Init
                0x08002244       0xb0 ./Core/Src/main.o
 .text.MX_TIM2_Init
                0x080022f4      0x12c ./Core/Src/main.o
 .text.MX_TIM3_Init
                0x08002420       0x98 ./Core/Src/main.o
 .text.MX_TIM5_Init
                0x080024b8       0x9c ./Core/Src/main.o
 .text.MX_TIM8_Init
                0x08002554       0xb0 ./Core/Src/main.o
 .text.MX_DMA_Init
                0x08002604       0x40 ./Core/Src/main.o
 .text.MX_GPIO_Init
                0x08002644       0xdc ./Core/Src/main.o
 .text.Error_Handler
                0x08002720        0xc ./Core/Src/main.o
                0x08002720                Error_Handler
 .text.HAL_MspInit
                0x0800272c       0x50 ./Core/Src/stm32f4xx_hal_msp.o
                0x0800272c                HAL_MspInit
 .text.HAL_ADC_MspInit
                0x0800277c      0x100 ./Core/Src/stm32f4xx_hal_msp.o
                0x0800277c                HAL_ADC_MspInit
 .text.HAL_DAC_MspInit
                0x0800287c       0x88 ./Core/Src/stm32f4xx_hal_msp.o
                0x0800287c                HAL_DAC_MspInit
 .text.HAL_SPI_MspInit
                0x08002904       0x90 ./Core/Src/stm32f4xx_hal_msp.o
                0x08002904                HAL_SPI_MspInit
 .text.HAL_TIM_Encoder_MspInit
                0x08002994       0xfc ./Core/Src/stm32f4xx_hal_msp.o
                0x08002994                HAL_TIM_Encoder_MspInit
 .text.HAL_TIM_Base_MspInit
                0x08002a90       0xa4 ./Core/Src/stm32f4xx_hal_msp.o
                0x08002a90                HAL_TIM_Base_MspInit
 .text.HAL_TIM_MspPostInit
                0x08002b34       0x70 ./Core/Src/stm32f4xx_hal_msp.o
                0x08002b34                HAL_TIM_MspPostInit
 .text.NMI_Handler
                0x08002ba4        0x8 ./Core/Src/stm32f4xx_it.o
                0x08002ba4                NMI_Handler
 .text.HardFault_Handler
                0x08002bac        0x8 ./Core/Src/stm32f4xx_it.o
                0x08002bac                HardFault_Handler
 .text.MemManage_Handler
                0x08002bb4        0x8 ./Core/Src/stm32f4xx_it.o
                0x08002bb4                MemManage_Handler
 .text.BusFault_Handler
                0x08002bbc        0x8 ./Core/Src/stm32f4xx_it.o
                0x08002bbc                BusFault_Handler
 .text.UsageFault_Handler
                0x08002bc4        0x8 ./Core/Src/stm32f4xx_it.o
                0x08002bc4                UsageFault_Handler
 .text.SVC_Handler
                0x08002bcc        0xe ./Core/Src/stm32f4xx_it.o
                0x08002bcc                SVC_Handler
 .text.DebugMon_Handler
                0x08002bda        0xe ./Core/Src/stm32f4xx_it.o
                0x08002bda                DebugMon_Handler
 .text.PendSV_Handler
                0x08002be8        0xe ./Core/Src/stm32f4xx_it.o
                0x08002be8                PendSV_Handler
 .text.SysTick_Handler
                0x08002bf6        0xc ./Core/Src/stm32f4xx_it.o
                0x08002bf6                SysTick_Handler
 *fill*         0x08002c02        0x2 
 .text.ADC_IRQHandler
                0x08002c04       0x14 ./Core/Src/stm32f4xx_it.o
                0x08002c04                ADC_IRQHandler
 .text.TIM3_IRQHandler
                0x08002c18       0x14 ./Core/Src/stm32f4xx_it.o
                0x08002c18                TIM3_IRQHandler
 .text.DMA2_Stream0_IRQHandler
                0x08002c2c       0x14 ./Core/Src/stm32f4xx_it.o
                0x08002c2c                DMA2_Stream0_IRQHandler
 .text.OTG_FS_IRQHandler
                0x08002c40       0x14 ./Core/Src/stm32f4xx_it.o
                0x08002c40                OTG_FS_IRQHandler
 .text._getpid  0x08002c54       0x10 ./Core/Src/syscalls.o
                0x08002c54                _getpid
 .text._kill    0x08002c64       0x20 ./Core/Src/syscalls.o
                0x08002c64                _kill
 .text._exit    0x08002c84       0x16 ./Core/Src/syscalls.o
                0x08002c84                _exit
 .text._read    0x08002c9a       0x3a ./Core/Src/syscalls.o
                0x08002c9a                _read
 .text._write   0x08002cd4       0x38 ./Core/Src/syscalls.o
                0x08002cd4                _write
 .text._close   0x08002d0c       0x18 ./Core/Src/syscalls.o
                0x08002d0c                _close
 .text._fstat   0x08002d24       0x20 ./Core/Src/syscalls.o
                0x08002d24                _fstat
 .text._isatty  0x08002d44       0x16 ./Core/Src/syscalls.o
                0x08002d44                _isatty
 .text._lseek   0x08002d5a       0x1a ./Core/Src/syscalls.o
                0x08002d5a                _lseek
 .text._sbrk    0x08002d74       0x6c ./Core/Src/sysmem.o
                0x08002d74                _sbrk
 .text.SystemInit
                0x08002de0       0x24 ./Core/Src/system_stm32f4xx.o
                0x08002de0                SystemInit
 .text.Reset_Handler
                0x08002e04       0x50 ./Core/Startup/startup_stm32f405rgtx.o
                0x08002e04                Reset_Handler
 .text.Default_Handler
                0x08002e54        0x2 ./Core/Startup/startup_stm32f405rgtx.o
                0x08002e54                RTC_Alarm_IRQHandler
                0x08002e54                HASH_RNG_IRQHandler
                0x08002e54                EXTI2_IRQHandler
                0x08002e54                TIM8_CC_IRQHandler
                0x08002e54                TIM1_CC_IRQHandler
                0x08002e54                DMA2_Stream5_IRQHandler
                0x08002e54                DMA1_Stream5_IRQHandler
                0x08002e54                PVD_IRQHandler
                0x08002e54                SDIO_IRQHandler
                0x08002e54                TAMP_STAMP_IRQHandler
                0x08002e54                CAN2_RX1_IRQHandler
                0x08002e54                EXTI3_IRQHandler
                0x08002e54                TIM8_TRG_COM_TIM14_IRQHandler
                0x08002e54                TIM1_UP_TIM10_IRQHandler
                0x08002e54                TIM8_UP_TIM13_IRQHandler
                0x08002e54                I2C3_ER_IRQHandler
                0x08002e54                EXTI0_IRQHandler
                0x08002e54                I2C2_EV_IRQHandler
                0x08002e54                DMA1_Stream2_IRQHandler
                0x08002e54                CAN1_RX0_IRQHandler
                0x08002e54                FPU_IRQHandler
                0x08002e54                OTG_HS_WKUP_IRQHandler
                0x08002e54                CAN2_SCE_IRQHandler
                0x08002e54                DMA2_Stream2_IRQHandler
                0x08002e54                SPI1_IRQHandler
                0x08002e54                TIM6_DAC_IRQHandler
                0x08002e54                TIM1_BRK_TIM9_IRQHandler
                0x08002e54                CAN2_RX0_IRQHandler
                0x08002e54                DMA2_Stream3_IRQHandler
                0x08002e54                USART6_IRQHandler
                0x08002e54                USART3_IRQHandler
                0x08002e54                CAN1_RX1_IRQHandler
                0x08002e54                UART5_IRQHandler
                0x08002e54                TIM4_IRQHandler
                0x08002e54                I2C1_EV_IRQHandler
                0x08002e54                DMA1_Stream6_IRQHandler
                0x08002e54                DMA1_Stream1_IRQHandler
                0x08002e54                UART4_IRQHandler
                0x08002e54                RCC_IRQHandler
                0x08002e54                TIM8_BRK_TIM12_IRQHandler
                0x08002e54                Default_Handler
                0x08002e54                EXTI15_10_IRQHandler
                0x08002e54                DMA1_Stream7_IRQHandler
                0x08002e54                TIM7_IRQHandler
                0x08002e54                CAN2_TX_IRQHandler
                0x08002e54                TIM5_IRQHandler
                0x08002e54                DMA2_Stream7_IRQHandler
                0x08002e54                I2C3_EV_IRQHandler
                0x08002e54                EXTI9_5_IRQHandler
                0x08002e54                RTC_WKUP_IRQHandler
                0x08002e54                SPI2_IRQHandler
                0x08002e54                OTG_HS_EP1_IN_IRQHandler
                0x08002e54                DMA1_Stream0_IRQHandler
                0x08002e54                CAN1_TX_IRQHandler
                0x08002e54                EXTI4_IRQHandler
                0x08002e54                FSMC_IRQHandler
                0x08002e54                OTG_HS_EP1_OUT_IRQHandler
                0x08002e54                WWDG_IRQHandler
                0x08002e54                TIM2_IRQHandler
                0x08002e54                OTG_FS_WKUP_IRQHandler
                0x08002e54                TIM1_TRG_COM_TIM11_IRQHandler
                0x08002e54                OTG_HS_IRQHandler
                0x08002e54                EXTI1_IRQHandler
                0x08002e54                USART2_IRQHandler
                0x08002e54                I2C2_ER_IRQHandler
                0x08002e54                DMA2_Stream1_IRQHandler
                0x08002e54                CAN1_SCE_IRQHandler
                0x08002e54                FLASH_IRQHandler
                0x08002e54                DMA2_Stream4_IRQHandler
                0x08002e54                USART1_IRQHandler
                0x08002e54                SPI3_IRQHandler
                0x08002e54                DMA1_Stream4_IRQHandler
                0x08002e54                I2C1_ER_IRQHandler
                0x08002e54                DMA2_Stream6_IRQHandler
                0x08002e54                DMA1_Stream3_IRQHandler
 *fill*         0x08002e56        0x2 
 .text.HAL_Init
                0x08002e58       0x44 ./Drivers/STM32F4xx_HAL_Driver/Src/stm32f4xx_hal.o
                0x08002e58                HAL_Init
 .text.HAL_InitTick
                0x08002e9c       0x60 ./Drivers/STM32F4xx_HAL_Driver/Src/stm32f4xx_hal.o
                0x08002e9c                HAL_InitTick
 .text.HAL_IncTick
                0x08002efc       0x28 ./Drivers/STM32F4xx_HAL_Driver/Src/stm32f4xx_hal.o
                0x08002efc                HAL_IncTick
 .text.HAL_GetTick
                0x08002f24       0x18 ./Drivers/STM32F4xx_HAL_Driver/Src/stm32f4xx_hal.o
                0x08002f24                HAL_GetTick
 .text.HAL_Delay
                0x08002f3c       0x48 ./Drivers/STM32F4xx_HAL_Driver/Src/stm32f4xx_hal.o
                0x08002f3c                HAL_Delay
 .text.HAL_ADC_Init
                0x08002f84       0x86 ./Drivers/STM32F4xx_HAL_Driver/Src/stm32f4xx_hal_adc.o
                0x08002f84                HAL_ADC_Init
 .text.HAL_ADC_IRQHandler
                0x0800300a      0x220 ./Drivers/STM32F4xx_HAL_Driver/Src/stm32f4xx_hal_adc.o
                0x0800300a                HAL_ADC_IRQHandler
 *fill*         0x0800322a        0x2 
 .text.HAL_ADC_Start_DMA
                0x0800322c      0x220 ./Drivers/STM32F4xx_HAL_Driver/Src/stm32f4xx_hal_adc.o
                0x0800322c                HAL_ADC_Start_DMA
 .text.HAL_ADC_ConvHalfCpltCallback
                0x0800344c       0x14 ./Drivers/STM32F4xx_HAL_Driver/Src/stm32f4xx_hal_adc.o
                0x0800344c                HAL_ADC_ConvHalfCpltCallback
 .text.HAL_ADC_LevelOutOfWindowCallback
                0x08003460       0x14 ./Drivers/STM32F4xx_HAL_Driver/Src/stm32f4xx_hal_adc.o
                0x08003460                HAL_ADC_LevelOutOfWindowCallback
 .text.HAL_ADC_ErrorCallback
                0x08003474       0x14 ./Drivers/STM32F4xx_HAL_Driver/Src/stm32f4xx_hal_adc.o
                0x08003474                HAL_ADC_ErrorCallback
 .text.HAL_ADC_ConfigChannel
                0x08003488      0x244 ./Drivers/STM32F4xx_HAL_Driver/Src/stm32f4xx_hal_adc.o
                0x08003488                HAL_ADC_ConfigChannel
 .text.ADC_Init
                0x080036cc      0x1f8 ./Drivers/STM32F4xx_HAL_Driver/Src/stm32f4xx_hal_adc.o
 .text.ADC_DMAConvCplt
                0x080038c4       0xba ./Drivers/STM32F4xx_HAL_Driver/Src/stm32f4xx_hal_adc.o
 .text.ADC_DMAHalfConvCplt
                0x0800397e       0x1c ./Drivers/STM32F4xx_HAL_Driver/Src/stm32f4xx_hal_adc.o
 .text.ADC_DMAError
                0x0800399a       0x2e ./Drivers/STM32F4xx_HAL_Driver/Src/stm32f4xx_hal_adc.o
 .text.HAL_ADCEx_InjectedConvCpltCallback
                0x080039c8       0x14 ./Drivers/STM32F4xx_HAL_Driver/Src/stm32f4xx_hal_adc_ex.o
                0x080039c8                HAL_ADCEx_InjectedConvCpltCallback
 .text.__NVIC_SetPriorityGrouping
                0x080039dc       0x48 ./Drivers/STM32F4xx_HAL_Driver/Src/stm32f4xx_hal_cortex.o
 .text.__NVIC_GetPriorityGrouping
                0x08003a24       0x1c ./Drivers/STM32F4xx_HAL_Driver/Src/stm32f4xx_hal_cortex.o
 .text.__NVIC_EnableIRQ
                0x08003a40       0x3c ./Drivers/STM32F4xx_HAL_Driver/Src/stm32f4xx_hal_cortex.o
 .text.__NVIC_SetPriority
                0x08003a7c       0x54 ./Drivers/STM32F4xx_HAL_Driver/Src/stm32f4xx_hal_cortex.o
 .text.NVIC_EncodePriority
                0x08003ad0       0x66 ./Drivers/STM32F4xx_HAL_Driver/Src/stm32f4xx_hal_cortex.o
 *fill*         0x08003b36        0x2 
 .text.SysTick_Config
                0x08003b38       0x44 ./Drivers/STM32F4xx_HAL_Driver/Src/stm32f4xx_hal_cortex.o
 .text.HAL_NVIC_SetPriorityGrouping
                0x08003b7c       0x16 ./Drivers/STM32F4xx_HAL_Driver/Src/stm32f4xx_hal_cortex.o
                0x08003b7c                HAL_NVIC_SetPriorityGrouping
 .text.HAL_NVIC_SetPriority
                0x08003b92       0x38 ./Drivers/STM32F4xx_HAL_Driver/Src/stm32f4xx_hal_cortex.o
                0x08003b92                HAL_NVIC_SetPriority
 .text.HAL_NVIC_EnableIRQ
                0x08003bca       0x1c ./Drivers/STM32F4xx_HAL_Driver/Src/stm32f4xx_hal_cortex.o
                0x08003bca                HAL_NVIC_EnableIRQ
 .text.HAL_SYSTICK_Config
                0x08003be6       0x18 ./Drivers/STM32F4xx_HAL_Driver/Src/stm32f4xx_hal_cortex.o
                0x08003be6                HAL_SYSTICK_Config
 .text.HAL_DAC_Init
                0x08003bfe       0x44 ./Drivers/STM32F4xx_HAL_Driver/Src/stm32f4xx_hal_dac.o
                0x08003bfe                HAL_DAC_Init
 .text.HAL_DAC_Start
                0x08003c42       0xae ./Drivers/STM32F4xx_HAL_Driver/Src/stm32f4xx_hal_dac.o
                0x08003c42                HAL_DAC_Start
 .text.HAL_DAC_SetValue
                0x08003cf0       0x54 ./Drivers/STM32F4xx_HAL_Driver/Src/stm32f4xx_hal_dac.o
                0x08003cf0                HAL_DAC_SetValue
 .text.HAL_DAC_ConfigChannel
                0x08003d44       0xb2 ./Drivers/STM32F4xx_HAL_Driver/Src/stm32f4xx_hal_dac.o
                0x08003d44                HAL_DAC_ConfigChannel
 *fill*         0x08003df6        0x2 
 .text.HAL_DMA_Init
                0x08003df8      0x15c ./Drivers/STM32F4xx_HAL_Driver/Src/stm32f4xx_hal_dma.o
                0x08003df8                HAL_DMA_Init
 .text.HAL_DMA_Start_IT
                0x08003f54       0xb0 ./Drivers/STM32F4xx_HAL_Driver/Src/stm32f4xx_hal_dma.o
                0x08003f54                HAL_DMA_Start_IT
 .text.HAL_DMA_IRQHandler
                0x08004004      0x314 ./Drivers/STM32F4xx_HAL_Driver/Src/stm32f4xx_hal_dma.o
                0x08004004                HAL_DMA_IRQHandler
 .text.DMA_SetConfig
                0x08004318       0x5c ./Drivers/STM32F4xx_HAL_Driver/Src/stm32f4xx_hal_dma.o
 .text.DMA_CalcBaseAndBitshift
                0x08004374       0x6c ./Drivers/STM32F4xx_HAL_Driver/Src/stm32f4xx_hal_dma.o
 .text.DMA_CheckFifoParam
                0x080043e0       0xf8 ./Drivers/STM32F4xx_HAL_Driver/Src/stm32f4xx_hal_dma.o
 .text.HAL_GPIO_Init
                0x080044d8      0x338 ./Drivers/STM32F4xx_HAL_Driver/Src/stm32f4xx_hal_gpio.o
                0x080044d8                HAL_GPIO_Init
 .text.HAL_GPIO_ReadPin
                0x08004810       0x30 ./Drivers/STM32F4xx_HAL_Driver/Src/stm32f4xx_hal_gpio.o
                0x08004810                HAL_GPIO_ReadPin
 .text.HAL_GPIO_WritePin
                0x08004840       0x32 ./Drivers/STM32F4xx_HAL_Driver/Src/stm32f4xx_hal_gpio.o
                0x08004840                HAL_GPIO_WritePin
 .text.HAL_PCD_Init
                0x08004872      0x21e ./Drivers/STM32F4xx_HAL_Driver/Src/stm32f4xx_hal_pcd.o
                0x08004872                HAL_PCD_Init
 .text.HAL_PCD_Start
                0x08004a90       0x6a ./Drivers/STM32F4xx_HAL_Driver/Src/stm32f4xx_hal_pcd.o
                0x08004a90                HAL_PCD_Start
 .text.HAL_PCD_IRQHandler
                0x08004afa      0x942 ./Drivers/STM32F4xx_HAL_Driver/Src/stm32f4xx_hal_pcd.o
                0x08004afa                HAL_PCD_IRQHandler
 .text.HAL_PCD_SetAddress
                0x0800543c       0x48 ./Drivers/STM32F4xx_HAL_Driver/Src/stm32f4xx_hal_pcd.o
                0x0800543c                HAL_PCD_SetAddress
 .text.HAL_PCD_EP_Open
                0x08005484       0xd4 ./Drivers/STM32F4xx_HAL_Driver/Src/stm32f4xx_hal_pcd.o
                0x08005484                HAL_PCD_EP_Open
 .text.HAL_PCD_EP_Close
                0x08005558       0x94 ./Drivers/STM32F4xx_HAL_Driver/Src/stm32f4xx_hal_pcd.o
                0x08005558                HAL_PCD_EP_Close
 .text.HAL_PCD_EP_Receive
                0x080055ec       0x76 ./Drivers/STM32F4xx_HAL_Driver/Src/stm32f4xx_hal_pcd.o
                0x080055ec                HAL_PCD_EP_Receive
 .text.HAL_PCD_EP_GetRxCount
                0x08005662       0x30 ./Drivers/STM32F4xx_HAL_Driver/Src/stm32f4xx_hal_pcd.o
                0x08005662                HAL_PCD_EP_GetRxCount
 .text.HAL_PCD_EP_Transmit
                0x08005692       0x74 ./Drivers/STM32F4xx_HAL_Driver/Src/stm32f4xx_hal_pcd.o
                0x08005692                HAL_PCD_EP_Transmit
 .text.HAL_PCD_EP_SetStall
                0x08005706       0xc6 ./Drivers/STM32F4xx_HAL_Driver/Src/stm32f4xx_hal_pcd.o
                0x08005706                HAL_PCD_EP_SetStall
 .text.HAL_PCD_EP_ClrStall
                0x080057cc       0xac ./Drivers/STM32F4xx_HAL_Driver/Src/stm32f4xx_hal_pcd.o
                0x080057cc                HAL_PCD_EP_ClrStall
 .text.HAL_PCD_EP_Abort
                0x08005878       0x62 ./Drivers/STM32F4xx_HAL_Driver/Src/stm32f4xx_hal_pcd.o
                0x08005878                HAL_PCD_EP_Abort
 .text.PCD_WriteEmptyTxFifo
                0x080058da      0x118 ./Drivers/STM32F4xx_HAL_Driver/Src/stm32f4xx_hal_pcd.o
 *fill*         0x080059f2        0x2 
 .text.PCD_EP_OutXfrComplete_int
                0x080059f4      0x1d0 ./Drivers/STM32F4xx_HAL_Driver/Src/stm32f4xx_hal_pcd.o
 .text.PCD_EP_OutSetupPacket_int
                0x08005bc4       0x8c ./Drivers/STM32F4xx_HAL_Driver/Src/stm32f4xx_hal_pcd.o
 .text.HAL_PCDEx_SetTxFiFo
                0x08005c50       0x8e ./Drivers/STM32F4xx_HAL_Driver/Src/stm32f4xx_hal_pcd_ex.o
                0x08005c50                HAL_PCDEx_SetTxFiFo
 .text.HAL_PCDEx_SetRxFiFo
                0x08005cde       0x22 ./Drivers/STM32F4xx_HAL_Driver/Src/stm32f4xx_hal_pcd_ex.o
                0x08005cde                HAL_PCDEx_SetRxFiFo
 .text.HAL_PCDEx_LPM_Callback
                0x08005d00       0x18 ./Drivers/STM32F4xx_HAL_Driver/Src/stm32f4xx_hal_pcd_ex.o
                0x08005d00                HAL_PCDEx_LPM_Callback
 .text.HAL_RCC_OscConfig
                0x08005d18      0x4f0 ./Drivers/STM32F4xx_HAL_Driver/Src/stm32f4xx_hal_rcc.o
                0x08005d18                HAL_RCC_OscConfig
 .text.HAL_RCC_ClockConfig
                0x08006208      0x1cc ./Drivers/STM32F4xx_HAL_Driver/Src/stm32f4xx_hal_rcc.o
                0x08006208                HAL_RCC_ClockConfig
 .text.HAL_RCC_GetSysClockFreq
                0x080063d4      0x18c ./Drivers/STM32F4xx_HAL_Driver/Src/stm32f4xx_hal_rcc.o
                0x080063d4                HAL_RCC_GetSysClockFreq
 .text.HAL_RCC_GetHCLKFreq
                0x08006560       0x18 ./Drivers/STM32F4xx_HAL_Driver/Src/stm32f4xx_hal_rcc.o
                0x08006560                HAL_RCC_GetHCLKFreq
 .text.HAL_SPI_Init
                0x08006578      0x112 ./Drivers/STM32F4xx_HAL_Driver/Src/stm32f4xx_hal_spi.o
                0x08006578                HAL_SPI_Init
 .text.HAL_TIM_Base_Init
                0x0800668a       0x9e ./Drivers/STM32F4xx_HAL_Driver/Src/stm32f4xx_hal_tim.o
                0x0800668a                HAL_TIM_Base_Init
 .text.HAL_TIM_Base_Start
                0x08006728       0xd0 ./Drivers/STM32F4xx_HAL_Driver/Src/stm32f4xx_hal_tim.o
                0x08006728                HAL_TIM_Base_Start
 .text.HAL_TIM_Base_Start_IT
                0x080067f8       0xe0 ./Drivers/STM32F4xx_HAL_Driver/Src/stm32f4xx_hal_tim.o
                0x080067f8                HAL_TIM_Base_Start_IT
 .text.HAL_TIM_PWM_Init
                0x080068d8       0x9e ./Drivers/STM32F4xx_HAL_Driver/Src/stm32f4xx_hal_tim.o
                0x080068d8                HAL_TIM_PWM_Init
 .text.HAL_TIM_PWM_MspInit
                0x08006976       0x14 ./Drivers/STM32F4xx_HAL_Driver/Src/stm32f4xx_hal_tim.o
                0x08006976                HAL_TIM_PWM_MspInit
 *fill*         0x0800698a        0x2 
 .text.HAL_TIM_PWM_Start
                0x0800698c      0x190 ./Drivers/STM32F4xx_HAL_Driver/Src/stm32f4xx_hal_tim.o
                0x0800698c                HAL_TIM_PWM_Start
 .text.HAL_TIM_Encoder_Init
                0x08006b1c      0x14c ./Drivers/STM32F4xx_HAL_Driver/Src/stm32f4xx_hal_tim.o
                0x08006b1c                HAL_TIM_Encoder_Init
 .text.HAL_TIM_Encoder_Start
                0x08006c68      0x11c ./Drivers/STM32F4xx_HAL_Driver/Src/stm32f4xx_hal_tim.o
                0x08006c68                HAL_TIM_Encoder_Start
 .text.HAL_TIM_IRQHandler
                0x08006d84      0x1e0 ./Drivers/STM32F4xx_HAL_Driver/Src/stm32f4xx_hal_tim.o
                0x08006d84                HAL_TIM_IRQHandler
 .text.HAL_TIM_PWM_ConfigChannel
                0x08006f64      0x184 ./Drivers/STM32F4xx_HAL_Driver/Src/stm32f4xx_hal_tim.o
                0x08006f64                HAL_TIM_PWM_ConfigChannel
 .text.HAL_TIM_ConfigClockSource
                0x080070e8      0x18e ./Drivers/STM32F4xx_HAL_Driver/Src/stm32f4xx_hal_tim.o
                0x080070e8                HAL_TIM_ConfigClockSource
 .text.HAL_TIM_PeriodElapsedCallback
                0x08007276       0x14 ./Drivers/STM32F4xx_HAL_Driver/Src/stm32f4xx_hal_tim.o
                0x08007276                HAL_TIM_PeriodElapsedCallback
 .text.HAL_TIM_OC_DelayElapsedCallback
                0x0800728a       0x14 ./Drivers/STM32F4xx_HAL_Driver/Src/stm32f4xx_hal_tim.o
                0x0800728a                HAL_TIM_OC_DelayElapsedCallback
 .text.HAL_TIM_IC_CaptureCallback
                0x0800729e       0x14 ./Drivers/STM32F4xx_HAL_Driver/Src/stm32f4xx_hal_tim.o
                0x0800729e                HAL_TIM_IC_CaptureCallback
 .text.HAL_TIM_PWM_PulseFinishedCallback
                0x080072b2       0x14 ./Drivers/STM32F4xx_HAL_Driver/Src/stm32f4xx_hal_tim.o
                0x080072b2                HAL_TIM_PWM_PulseFinishedCallback
 .text.HAL_TIM_TriggerCallback
                0x080072c6       0x14 ./Drivers/STM32F4xx_HAL_Driver/Src/stm32f4xx_hal_tim.o
                0x080072c6                HAL_TIM_TriggerCallback
 *fill*         0x080072da        0x2 
 .text.TIM_Base_SetConfig
                0x080072dc      0x158 ./Drivers/STM32F4xx_HAL_Driver/Src/stm32f4xx_hal_tim.o
                0x080072dc                TIM_Base_SetConfig
 .text.TIM_OC1_SetConfig
                0x08007434       0xe0 ./Drivers/STM32F4xx_HAL_Driver/Src/stm32f4xx_hal_tim.o
 .text.TIM_OC2_SetConfig
                0x08007514       0xec ./Drivers/STM32F4xx_HAL_Driver/Src/stm32f4xx_hal_tim.o
                0x08007514                TIM_OC2_SetConfig
 .text.TIM_OC3_SetConfig
                0x08007600       0xe8 ./Drivers/STM32F4xx_HAL_Driver/Src/stm32f4xx_hal_tim.o
 .text.TIM_OC4_SetConfig
                0x080076e8       0xac ./Drivers/STM32F4xx_HAL_Driver/Src/stm32f4xx_hal_tim.o
 .text.TIM_TI1_ConfigInputStage
                0x08007794       0x5e ./Drivers/STM32F4xx_HAL_Driver/Src/stm32f4xx_hal_tim.o
 .text.TIM_TI2_ConfigInputStage
                0x080077f2       0x60 ./Drivers/STM32F4xx_HAL_Driver/Src/stm32f4xx_hal_tim.o
 .text.TIM_ITRx_SetConfig
                0x08007852       0x36 ./Drivers/STM32F4xx_HAL_Driver/Src/stm32f4xx_hal_tim.o
 .text.TIM_ETR_SetConfig
                0x08007888       0x40 ./Drivers/STM32F4xx_HAL_Driver/Src/stm32f4xx_hal_tim.o
                0x08007888                TIM_ETR_SetConfig
 .text.TIM_CCxChannelCmd
                0x080078c8       0x4a ./Drivers/STM32F4xx_HAL_Driver/Src/stm32f4xx_hal_tim.o
                0x080078c8                TIM_CCxChannelCmd
 *fill*         0x08007912        0x2 
 .text.HAL_TIMEx_MasterConfigSynchronization
                0x08007914       0xf8 ./Drivers/STM32F4xx_HAL_Driver/Src/stm32f4xx_hal_tim_ex.o
                0x08007914                HAL_TIMEx_MasterConfigSynchronization
 .text.HAL_TIMEx_CommutCallback
                0x08007a0c       0x14 ./Drivers/STM32F4xx_HAL_Driver/Src/stm32f4xx_hal_tim_ex.o
                0x08007a0c                HAL_TIMEx_CommutCallback
 .text.HAL_TIMEx_BreakCallback
                0x08007a20       0x14 ./Drivers/STM32F4xx_HAL_Driver/Src/stm32f4xx_hal_tim_ex.o
                0x08007a20                HAL_TIMEx_BreakCallback
 .text.USB_CoreInit
                0x08007a34       0xc8 ./Drivers/STM32F4xx_HAL_Driver/Src/stm32f4xx_ll_usb.o
                0x08007a34                USB_CoreInit
 .text.USB_SetTurnaroundTime
                0x08007afc      0x144 ./Drivers/STM32F4xx_HAL_Driver/Src/stm32f4xx_ll_usb.o
                0x08007afc                USB_SetTurnaroundTime
 .text.USB_EnableGlobalInt
                0x08007c40       0x22 ./Drivers/STM32F4xx_HAL_Driver/Src/stm32f4xx_ll_usb.o
                0x08007c40                USB_EnableGlobalInt
 .text.USB_DisableGlobalInt
                0x08007c62       0x22 ./Drivers/STM32F4xx_HAL_Driver/Src/stm32f4xx_ll_usb.o
                0x08007c62                USB_DisableGlobalInt
 .text.USB_SetCurrentMode
                0x08007c84       0x98 ./Drivers/STM32F4xx_HAL_Driver/Src/stm32f4xx_ll_usb.o
                0x08007c84                USB_SetCurrentMode
 .text.USB_DevInit
                0x08007d1c      0x2c8 ./Drivers/STM32F4xx_HAL_Driver/Src/stm32f4xx_ll_usb.o
                0x08007d1c                USB_DevInit
 .text.USB_FlushTxFifo
                0x08007fe4       0x64 ./Drivers/STM32F4xx_HAL_Driver/Src/stm32f4xx_ll_usb.o
                0x08007fe4                USB_FlushTxFifo
 .text.USB_FlushRxFifo
                0x08008048       0x5c ./Drivers/STM32F4xx_HAL_Driver/Src/stm32f4xx_ll_usb.o
                0x08008048                USB_FlushRxFifo
 .text.USB_SetDevSpeed
                0x080080a4       0x32 ./Drivers/STM32F4xx_HAL_Driver/Src/stm32f4xx_ll_usb.o
                0x080080a4                USB_SetDevSpeed
 .text.USB_GetDevSpeed
                0x080080d6       0x4a ./Drivers/STM32F4xx_HAL_Driver/Src/stm32f4xx_ll_usb.o
                0x080080d6                USB_GetDevSpeed
 .text.USB_ActivateEndpoint
                0x08008120      0x10e ./Drivers/STM32F4xx_HAL_Driver/Src/stm32f4xx_ll_usb.o
                0x08008120                USB_ActivateEndpoint
 *fill*         0x0800822e        0x2 
 .text.USB_DeactivateEndpoint
                0x08008230      0x1b8 ./Drivers/STM32F4xx_HAL_Driver/Src/stm32f4xx_ll_usb.o
                0x08008230                USB_DeactivateEndpoint
 .text.USB_EPStartXfer
                0x080083e8      0x53c ./Drivers/STM32F4xx_HAL_Driver/Src/stm32f4xx_ll_usb.o
                0x080083e8                USB_EPStartXfer
 .text.USB_EPStopXfer
                0x08008924      0x154 ./Drivers/STM32F4xx_HAL_Driver/Src/stm32f4xx_ll_usb.o
                0x08008924                USB_EPStopXfer
 .text.USB_WritePacket
                0x08008a78       0x7c ./Drivers/STM32F4xx_HAL_Driver/Src/stm32f4xx_ll_usb.o
                0x08008a78                USB_WritePacket
 .text.USB_ReadPacket
                0x08008af4       0xb0 ./Drivers/STM32F4xx_HAL_Driver/Src/stm32f4xx_ll_usb.o
                0x08008af4                USB_ReadPacket
 .text.USB_EPSetStall
                0x08008ba4       0xdc ./Drivers/STM32F4xx_HAL_Driver/Src/stm32f4xx_ll_usb.o
                0x08008ba4                USB_EPSetStall
 .text.USB_EPClearStall
                0x08008c80       0xcc ./Drivers/STM32F4xx_HAL_Driver/Src/stm32f4xx_ll_usb.o
                0x08008c80                USB_EPClearStall
 .text.USB_SetDevAddress
                0x08008d4c       0x4c ./Drivers/STM32F4xx_HAL_Driver/Src/stm32f4xx_ll_usb.o
                0x08008d4c                USB_SetDevAddress
 .text.USB_DevConnect
                0x08008d98       0x42 ./Drivers/STM32F4xx_HAL_Driver/Src/stm32f4xx_ll_usb.o
                0x08008d98                USB_DevConnect
 .text.USB_DevDisconnect
                0x08008dda       0x42 ./Drivers/STM32F4xx_HAL_Driver/Src/stm32f4xx_ll_usb.o
                0x08008dda                USB_DevDisconnect
 .text.USB_ReadInterrupts
                0x08008e1c       0x26 ./Drivers/STM32F4xx_HAL_Driver/Src/stm32f4xx_ll_usb.o
                0x08008e1c                USB_ReadInterrupts
 .text.USB_ReadDevAllOutEpInterrupt
                0x08008e42       0x34 ./Drivers/STM32F4xx_HAL_Driver/Src/stm32f4xx_ll_usb.o
                0x08008e42                USB_ReadDevAllOutEpInterrupt
 .text.USB_ReadDevAllInEpInterrupt
                0x08008e76       0x34 ./Drivers/STM32F4xx_HAL_Driver/Src/stm32f4xx_ll_usb.o
                0x08008e76                USB_ReadDevAllInEpInterrupt
 .text.USB_ReadDevOutEPInterrupt
                0x08008eaa       0x3c ./Drivers/STM32F4xx_HAL_Driver/Src/stm32f4xx_ll_usb.o
                0x08008eaa                USB_ReadDevOutEPInterrupt
 .text.USB_ReadDevInEPInterrupt
                0x08008ee6       0x5c ./Drivers/STM32F4xx_HAL_Driver/Src/stm32f4xx_ll_usb.o
                0x08008ee6                USB_ReadDevInEPInterrupt
 .text.USB_GetMode
                0x08008f42       0x1c ./Drivers/STM32F4xx_HAL_Driver/Src/stm32f4xx_ll_usb.o
                0x08008f42                USB_GetMode
 .text.USB_ActivateSetup
                0x08008f5e       0x46 ./Drivers/STM32F4xx_HAL_Driver/Src/stm32f4xx_ll_usb.o
                0x08008f5e                USB_ActivateSetup
 .text.USB_EP0_OutStart
                0x08008fa4       0xbc ./Drivers/STM32F4xx_HAL_Driver/Src/stm32f4xx_ll_usb.o
                0x08008fa4                USB_EP0_OutStart
 .text.USB_CoreReset
                0x08009060       0x62 ./Drivers/STM32F4xx_HAL_Driver/Src/stm32f4xx_ll_usb.o
 *fill*         0x080090c2        0x2 
 .text.USBD_CDC_Init
                0x080090c4      0x1f0 ./Middlewares/ST/STM32_USB_Device_Library/Class/CDC/Src/usbd_cdc.o
 .text.USBD_CDC_DeInit
                0x080092b4      0x104 ./Middlewares/ST/STM32_USB_Device_Library/Class/CDC/Src/usbd_cdc.o
 .text.USBD_CDC_Setup
                0x080093b8      0x1b8 ./Middlewares/ST/STM32_USB_Device_Library/Class/CDC/Src/usbd_cdc.o
 .text.USBD_CDC_DataIn
                0x08009570       0xfe ./Middlewares/ST/STM32_USB_Device_Library/Class/CDC/Src/usbd_cdc.o
 .text.USBD_CDC_DataOut
                0x0800966e       0x70 ./Middlewares/ST/STM32_USB_Device_Library/Class/CDC/Src/usbd_cdc.o
 .text.USBD_CDC_EP0_RxReady
                0x080096de       0x74 ./Middlewares/ST/STM32_USB_Device_Library/Class/CDC/Src/usbd_cdc.o
 *fill*         0x08009752        0x2 
 .text.USBD_CDC_GetFSCfgDesc
                0x08009754       0x70 ./Middlewares/ST/STM32_USB_Device_Library/Class/CDC/Src/usbd_cdc.o
 .text.USBD_CDC_GetHSCfgDesc
                0x080097c4       0x70 ./Middlewares/ST/STM32_USB_Device_Library/Class/CDC/Src/usbd_cdc.o
 .text.USBD_CDC_GetOtherSpeedCfgDesc
                0x08009834       0x70 ./Middlewares/ST/STM32_USB_Device_Library/Class/CDC/Src/usbd_cdc.o
 .text.USBD_CDC_GetDeviceQualifierDescriptor
                0x080098a4       0x20 ./Middlewares/ST/STM32_USB_Device_Library/Class/CDC/Src/usbd_cdc.o
                0x080098a4                USBD_CDC_GetDeviceQualifierDescriptor
 .text.USBD_CDC_RegisterInterface
                0x080098c4       0x34 ./Middlewares/ST/STM32_USB_Device_Library/Class/CDC/Src/usbd_cdc.o
                0x080098c4                USBD_CDC_RegisterInterface
 .text.USBD_CDC_SetTxBuffer
                0x080098f8       0x44 ./Middlewares/ST/STM32_USB_Device_Library/Class/CDC/Src/usbd_cdc.o
                0x080098f8                USBD_CDC_SetTxBuffer
 .text.USBD_CDC_SetRxBuffer
                0x0800993c       0x3a ./Middlewares/ST/STM32_USB_Device_Library/Class/CDC/Src/usbd_cdc.o
                0x0800993c                USBD_CDC_SetRxBuffer
 *fill*         0x08009976        0x2 
 .text.USBD_CDC_TransmitPacket
                0x08009978       0x80 ./Middlewares/ST/STM32_USB_Device_Library/Class/CDC/Src/usbd_cdc.o
                0x08009978                USBD_CDC_TransmitPacket
 .text.USBD_CDC_ReceivePacket
                0x080099f8       0x6c ./Middlewares/ST/STM32_USB_Device_Library/Class/CDC/Src/usbd_cdc.o
                0x080099f8                USBD_CDC_ReceivePacket
 .text.USBD_Init
                0x08009a64       0x60 ./Middlewares/ST/STM32_USB_Device_Library/Core/Src/usbd_core.o
                0x08009a64                USBD_Init
 .text.USBD_RegisterClass
                0x08009ac4       0x6c ./Middlewares/ST/STM32_USB_Device_Library/Core/Src/usbd_core.o
                0x08009ac4                USBD_RegisterClass
 .text.USBD_Start
                0x08009b30       0x18 ./Middlewares/ST/STM32_USB_Device_Library/Core/Src/usbd_core.o
                0x08009b30                USBD_Start
 .text.USBD_RunTestMode
                0x08009b48       0x16 ./Middlewares/ST/STM32_USB_Device_Library/Core/Src/usbd_core.o
                0x08009b48                USBD_RunTestMode
 .text.USBD_SetClassConfig
                0x08009b5e       0x38 ./Middlewares/ST/STM32_USB_Device_Library/Core/Src/usbd_core.o
                0x08009b5e                USBD_SetClassConfig
 .text.USBD_ClrClassConfig
                0x08009b96       0x34 ./Middlewares/ST/STM32_USB_Device_Library/Core/Src/usbd_core.o
                0x08009b96                USBD_ClrClassConfig
 .text.USBD_LL_SetupStage
                0x08009bca       0xaa ./Middlewares/ST/STM32_USB_Device_Library/Core/Src/usbd_core.o
                0x08009bca                USBD_LL_SetupStage
 .text.USBD_LL_DataOutStage
                0x08009c74      0x166 ./Middlewares/ST/STM32_USB_Device_Library/Core/Src/usbd_core.o
                0x08009c74                USBD_LL_DataOutStage
 .text.USBD_LL_DataInStage
                0x08009dda      0x164 ./Middlewares/ST/STM32_USB_Device_Library/Core/Src/usbd_core.o
                0x08009dda                USBD_LL_DataInStage
 .text.USBD_LL_Reset
                0x08009f3e       0xa4 ./Middlewares/ST/STM32_USB_Device_Library/Core/Src/usbd_core.o
                0x08009f3e                USBD_LL_Reset
 .text.USBD_LL_SetSpeed
                0x08009fe2       0x20 ./Middlewares/ST/STM32_USB_Device_Library/Core/Src/usbd_core.o
                0x08009fe2                USBD_LL_SetSpeed
 .text.USBD_LL_Suspend
                0x0800a002       0x38 ./Middlewares/ST/STM32_USB_Device_Library/Core/Src/usbd_core.o
                0x0800a002                USBD_LL_Suspend
 .text.USBD_LL_Resume
                0x0800a03a       0x30 ./Middlewares/ST/STM32_USB_Device_Library/Core/Src/usbd_core.o
                0x0800a03a                USBD_LL_Resume
 .text.USBD_LL_SOF
                0x0800a06a       0x40 ./Middlewares/ST/STM32_USB_Device_Library/Core/Src/usbd_core.o
                0x0800a06a                USBD_LL_SOF
 .text.USBD_LL_IsoINIncomplete
                0x0800a0aa       0x64 ./Middlewares/ST/STM32_USB_Device_Library/Core/Src/usbd_core.o
                0x0800a0aa                USBD_LL_IsoINIncomplete
 .text.USBD_LL_IsoOUTIncomplete
                0x0800a10e       0x64 ./Middlewares/ST/STM32_USB_Device_Library/Core/Src/usbd_core.o
                0x0800a10e                USBD_LL_IsoOUTIncomplete
 .text.USBD_LL_DevConnected
                0x0800a172       0x16 ./Middlewares/ST/STM32_USB_Device_Library/Core/Src/usbd_core.o
                0x0800a172                USBD_LL_DevConnected
 .text.USBD_LL_DevDisconnected
                0x0800a188       0x46 ./Middlewares/ST/STM32_USB_Device_Library/Core/Src/usbd_core.o
                0x0800a188                USBD_LL_DevDisconnected
 .text.USBD_CoreFindIF
                0x0800a1ce       0x1a ./Middlewares/ST/STM32_USB_Device_Library/Core/Src/usbd_core.o
                0x0800a1ce                USBD_CoreFindIF
 .text.USBD_CoreFindEP
                0x0800a1e8       0x1a ./Middlewares/ST/STM32_USB_Device_Library/Core/Src/usbd_core.o
                0x0800a1e8                USBD_CoreFindEP
 .text.USBD_GetEpDesc
                0x0800a202       0x70 ./Middlewares/ST/STM32_USB_Device_Library/Core/Src/usbd_core.o
                0x0800a202                USBD_GetEpDesc
 .text.USBD_GetNextDesc
                0x0800a272       0x38 ./Middlewares/ST/STM32_USB_Device_Library/Core/Src/usbd_core.o
                0x0800a272                USBD_GetNextDesc
 .text.SWAPBYTE
                0x0800a2aa       0x3c ./Middlewares/ST/STM32_USB_Device_Library/Core/Src/usbd_ctlreq.o
 *fill*         0x0800a2e6        0x2 
 .text.USBD_StdDevReq
                0x0800a2e8       0xe4 ./Middlewares/ST/STM32_USB_Device_Library/Core/Src/usbd_ctlreq.o
                0x0800a2e8                USBD_StdDevReq
 .text.USBD_StdItfReq
                0x0800a3cc       0xd8 ./Middlewares/ST/STM32_USB_Device_Library/Core/Src/usbd_ctlreq.o
                0x0800a3cc                USBD_StdItfReq
 .text.USBD_StdEPReq
                0x0800a4a4      0x33a ./Middlewares/ST/STM32_USB_Device_Library/Core/Src/usbd_ctlreq.o
                0x0800a4a4                USBD_StdEPReq
 *fill*         0x0800a7de        0x2 
 .text.USBD_GetDescriptor
                0x0800a7e0      0x2d4 ./Middlewares/ST/STM32_USB_Device_Library/Core/Src/usbd_ctlreq.o
 .text.USBD_SetAddress
                0x0800aab4       0x88 ./Middlewares/ST/STM32_USB_Device_Library/Core/Src/usbd_ctlreq.o
 .text.USBD_SetConfig
                0x0800ab3c      0x154 ./Middlewares/ST/STM32_USB_Device_Library/Core/Src/usbd_ctlreq.o
 .text.USBD_GetConfig
                0x0800ac90       0x6c ./Middlewares/ST/STM32_USB_Device_Library/Core/Src/usbd_ctlreq.o
 .text.USBD_GetStatus
                0x0800acfc       0x68 ./Middlewares/ST/STM32_USB_Device_Library/Core/Src/usbd_ctlreq.o
 .text.USBD_SetFeature
                0x0800ad64       0x52 ./Middlewares/ST/STM32_USB_Device_Library/Core/Src/usbd_ctlreq.o
 .text.USBD_ClrFeature
                0x0800adb6       0x44 ./Middlewares/ST/STM32_USB_Device_Library/Core/Src/usbd_ctlreq.o
 .text.USBD_ParseSetupRequest
                0x0800adfa       0x74 ./Middlewares/ST/STM32_USB_Device_Library/Core/Src/usbd_ctlreq.o
                0x0800adfa                USBD_ParseSetupRequest
 .text.USBD_CtlError
                0x0800ae6e       0x22 ./Middlewares/ST/STM32_USB_Device_Library/Core/Src/usbd_ctlreq.o
                0x0800ae6e                USBD_CtlError
 .text.USBD_GetString
                0x0800ae90       0xa4 ./Middlewares/ST/STM32_USB_Device_Library/Core/Src/usbd_ctlreq.o
                0x0800ae90                USBD_GetString
 .text.USBD_GetLen
                0x0800af34       0x34 ./Middlewares/ST/STM32_USB_Device_Library/Core/Src/usbd_ctlreq.o
 .text.USBD_CtlSendData
                0x0800af68       0x36 ./Middlewares/ST/STM32_USB_Device_Library/Core/Src/usbd_ioreq.o
                0x0800af68                USBD_CtlSendData
 .text.USBD_CtlContinueSendData
                0x0800af9e       0x22 ./Middlewares/ST/STM32_USB_Device_Library/Core/Src/usbd_ioreq.o
                0x0800af9e                USBD_CtlContinueSendData
 .text.USBD_CtlPrepareRx
                0x0800afc0       0x3a ./Middlewares/ST/STM32_USB_Device_Library/Core/Src/usbd_ioreq.o
                0x0800afc0                USBD_CtlPrepareRx
 .text.USBD_CtlContinueRx
                0x0800affa       0x22 ./Middlewares/ST/STM32_USB_Device_Library/Core/Src/usbd_ioreq.o
                0x0800affa                USBD_CtlContinueRx
 .text.USBD_CtlSendStatus
                0x0800b01c       0x26 ./Middlewares/ST/STM32_USB_Device_Library/Core/Src/usbd_ioreq.o
                0x0800b01c                USBD_CtlSendStatus
 .text.USBD_CtlReceiveStatus
                0x0800b042       0x26 ./Middlewares/ST/STM32_USB_Device_Library/Core/Src/usbd_ioreq.o
                0x0800b042                USBD_CtlReceiveStatus
 .text.MX_USB_DEVICE_Init
                0x0800b068       0x60 ./USB_DEVICE/App/usb_device.o
                0x0800b068                MX_USB_DEVICE_Init
 .text.CDC_Init_FS
                0x0800b0c8       0x28 ./USB_DEVICE/App/usbd_cdc_if.o
 .text.CDC_DeInit_FS
                0x0800b0f0       0x10 ./USB_DEVICE/App/usbd_cdc_if.o
 .text.CDC_Control_FS
                0x0800b100      0x18c ./USB_DEVICE/App/usbd_cdc_if.o
 .text.CDC_Receive_FS
                0x0800b28c       0x60 ./USB_DEVICE/App/usbd_cdc_if.o
 .text.CDC_Transmit_FS
                0x0800b2ec       0x4c ./USB_DEVICE/App/usbd_cdc_if.o
                0x0800b2ec                CDC_Transmit_FS
 .text.CDC_TransmitCplt_FS
                0x0800b338       0x22 ./USB_DEVICE/App/usbd_cdc_if.o
 *fill*         0x0800b35a        0x2 
 .text.trcCDCReceive
                0x0800b35c       0x40 ./USB_DEVICE/App/usbd_cdc_if.o
                0x0800b35c                trcCDCReceive
 .text.trcCDCTransmit
                0x0800b39c       0x30 ./USB_DEVICE/App/usbd_cdc_if.o
                0x0800b39c                trcCDCTransmit
 .text.USBD_FS_DeviceDescriptor
                0x0800b3cc       0x24 ./USB_DEVICE/App/usbd_desc.o
                0x0800b3cc                USBD_FS_DeviceDescriptor
 .text.USBD_FS_LangIDStrDescriptor
                0x0800b3f0       0x24 ./USB_DEVICE/App/usbd_desc.o
                0x0800b3f0                USBD_FS_LangIDStrDescriptor
 .text.USBD_FS_ProductStrDescriptor
                0x0800b414       0x3c ./USB_DEVICE/App/usbd_desc.o
                0x0800b414                USBD_FS_ProductStrDescriptor
 .text.USBD_FS_ManufacturerStrDescriptor
                0x0800b450       0x28 ./USB_DEVICE/App/usbd_desc.o
                0x0800b450                USBD_FS_ManufacturerStrDescriptor
 .text.USBD_FS_SerialStrDescriptor
                0x0800b478       0x24 ./USB_DEVICE/App/usbd_desc.o
                0x0800b478                USBD_FS_SerialStrDescriptor
 .text.USBD_FS_ConfigStrDescriptor
                0x0800b49c       0x3c ./USB_DEVICE/App/usbd_desc.o
                0x0800b49c                USBD_FS_ConfigStrDescriptor
 .text.USBD_FS_InterfaceStrDescriptor
                0x0800b4d8       0x3c ./USB_DEVICE/App/usbd_desc.o
                0x0800b4d8                USBD_FS_InterfaceStrDescriptor
 .text.Get_SerialNum
                0x0800b514       0x58 ./USB_DEVICE/App/usbd_desc.o
 .text.IntToUnicode
                0x0800b56c       0x7e ./USB_DEVICE/App/usbd_desc.o
 *fill*         0x0800b5ea        0x2 
 .text.HAL_PCD_MspInit
                0x0800b5ec       0xa8 ./USB_DEVICE/Target/usbd_conf.o
                0x0800b5ec                HAL_PCD_MspInit
 .text.HAL_PCD_SetupStageCallback
                0x0800b694       0x24 ./USB_DEVICE/Target/usbd_conf.o
                0x0800b694                HAL_PCD_SetupStageCallback
 .text.HAL_PCD_DataOutStageCallback
                0x0800b6b8       0x36 ./USB_DEVICE/Target/usbd_conf.o
                0x0800b6b8                HAL_PCD_DataOutStageCallback
 .text.HAL_PCD_DataInStageCallback
                0x0800b6ee       0x34 ./USB_DEVICE/Target/usbd_conf.o
                0x0800b6ee                HAL_PCD_DataInStageCallback
 .text.HAL_PCD_SOFCallback
                0x0800b722       0x1c ./USB_DEVICE/Target/usbd_conf.o
                0x0800b722                HAL_PCD_SOFCallback
 .text.HAL_PCD_ResetCallback
                0x0800b73e       0x50 ./USB_DEVICE/Target/usbd_conf.o
                0x0800b73e                HAL_PCD_ResetCallback
 *fill*         0x0800b78e        0x2 
 .text.HAL_PCD_SuspendCallback
                0x0800b790       0x4c ./USB_DEVICE/Target/usbd_conf.o
                0x0800b790                HAL_PCD_SuspendCallback
 .text.HAL_PCD_ResumeCallback
                0x0800b7dc       0x1c ./USB_DEVICE/Target/usbd_conf.o
                0x0800b7dc                HAL_PCD_ResumeCallback
 .text.HAL_PCD_ISOOUTIncompleteCallback
                0x0800b7f8       0x24 ./USB_DEVICE/Target/usbd_conf.o
                0x0800b7f8                HAL_PCD_ISOOUTIncompleteCallback
 .text.HAL_PCD_ISOINIncompleteCallback
                0x0800b81c       0x24 ./USB_DEVICE/Target/usbd_conf.o
                0x0800b81c                HAL_PCD_ISOINIncompleteCallback
 .text.HAL_PCD_ConnectCallback
                0x0800b840       0x1c ./USB_DEVICE/Target/usbd_conf.o
                0x0800b840                HAL_PCD_ConnectCallback
 .text.HAL_PCD_DisconnectCallback
                0x0800b85c       0x1c ./USB_DEVICE/Target/usbd_conf.o
                0x0800b85c                HAL_PCD_DisconnectCallback
 .text.USBD_LL_Init
                0x0800b878       0x98 ./USB_DEVICE/Target/usbd_conf.o
                0x0800b878                USBD_LL_Init
 .text.USBD_LL_Start
                0x0800b910       0x36 ./USB_DEVICE/Target/usbd_conf.o
                0x0800b910                USBD_LL_Start
 .text.USBD_LL_OpenEP
                0x0800b946       0x4c ./USB_DEVICE/Target/usbd_conf.o
                0x0800b946                USBD_LL_OpenEP
 .text.USBD_LL_CloseEP
                0x0800b992       0x3e ./USB_DEVICE/Target/usbd_conf.o
                0x0800b992                USBD_LL_CloseEP
 .text.USBD_LL_StallEP
                0x0800b9d0       0x3e ./USB_DEVICE/Target/usbd_conf.o
                0x0800b9d0                USBD_LL_StallEP
 .text.USBD_LL_ClearStallEP
                0x0800ba0e       0x3e ./USB_DEVICE/Target/usbd_conf.o
                0x0800ba0e                USBD_LL_ClearStallEP
 .text.USBD_LL_IsStallEP
                0x0800ba4c       0x58 ./USB_DEVICE/Target/usbd_conf.o
                0x0800ba4c                USBD_LL_IsStallEP
 .text.USBD_LL_SetUSBAddress
                0x0800baa4       0x3e ./USB_DEVICE/Target/usbd_conf.o
                0x0800baa4                USBD_LL_SetUSBAddress
 .text.USBD_LL_Transmit
                0x0800bae2       0x42 ./USB_DEVICE/Target/usbd_conf.o
                0x0800bae2                USBD_LL_Transmit
 .text.USBD_LL_PrepareReceive
                0x0800bb24       0x42 ./USB_DEVICE/Target/usbd_conf.o
                0x0800bb24                USBD_LL_PrepareReceive
 .text.USBD_LL_GetRxDataSize
                0x0800bb66       0x26 ./USB_DEVICE/Target/usbd_conf.o
                0x0800bb66                USBD_LL_GetRxDataSize
 .text.USBD_static_malloc
                0x0800bb8c       0x1c ./USB_DEVICE/Target/usbd_conf.o
                0x0800bb8c                USBD_static_malloc
 .text.USBD_static_free
                0x0800bba8       0x14 ./USB_DEVICE/Target/usbd_conf.o
                0x0800bba8                USBD_static_free
 .text.USBD_Get_USB_Status
                0x0800bbbc       0x58 ./USB_DEVICE/Target/usbd_conf.o
                0x0800bbbc                USBD_Get_USB_Status
 .text.__cvt    0x0800bc14       0xca C:/ST/STM32CubeIDE_1.6.0/STM32CubeIDE/plugins/com.st.stm32cube.ide.mcu.externaltools.gnu-tools-for-stm32.12.3.rel1.win32_1.0.200.202406191623/tools/bin/../lib/gcc/arm-none-eabi/12.3.1/../../../../arm-none-eabi/lib/thumb/v7e-m+fp/hard\libc_nano.a(libc_a-nano-vfprintf_float.o)
                0x0800bc14                __cvt
 .text.__exponent
                0x0800bcde       0x74 C:/ST/STM32CubeIDE_1.6.0/STM32CubeIDE/plugins/com.st.stm32cube.ide.mcu.externaltools.gnu-tools-for-stm32.12.3.rel1.win32_1.0.200.202406191623/tools/bin/../lib/gcc/arm-none-eabi/12.3.1/../../../../arm-none-eabi/lib/thumb/v7e-m+fp/hard\libc_nano.a(libc_a-nano-vfprintf_float.o)
                0x0800bcde                __exponent
 *fill*         0x0800bd52        0x2 
 .text._printf_float
                0x0800bd54      0x454 C:/ST/STM32CubeIDE_1.6.0/STM32CubeIDE/plugins/com.st.stm32cube.ide.mcu.externaltools.gnu-tools-for-stm32.12.3.rel1.win32_1.0.200.202406191623/tools/bin/../lib/gcc/arm-none-eabi/12.3.1/../../../../arm-none-eabi/lib/thumb/v7e-m+fp/hard\libc_nano.a(libc_a-nano-vfprintf_float.o)
                0x0800bd54                _printf_float
 .text._printf_common
                0x0800c1a8       0xda C:/ST/STM32CubeIDE_1.6.0/STM32CubeIDE/plugins/com.st.stm32cube.ide.mcu.externaltools.gnu-tools-for-stm32.12.3.rel1.win32_1.0.200.202406191623/tools/bin/../lib/gcc/arm-none-eabi/12.3.1/../../../../arm-none-eabi/lib/thumb/v7e-m+fp/hard\libc_nano.a(libc_a-nano-vfprintf_i.o)
                0x0800c1a8                _printf_common
 *fill*         0x0800c282        0x2 
 .text._printf_i
                0x0800c284      0x240 C:/ST/STM32CubeIDE_1.6.0/STM32CubeIDE/plugins/com.st.stm32cube.ide.mcu.externaltools.gnu-tools-for-stm32.12.3.rel1.win32_1.0.200.202406191623/tools/bin/../lib/gcc/arm-none-eabi/12.3.1/../../../../arm-none-eabi/lib/thumb/v7e-m+fp/hard\libc_nano.a(libc_a-nano-vfprintf_i.o)
                0x0800c284                _printf_i
 .text.std      0x0800c4c4       0x6c C:/ST/STM32CubeIDE_1.6.0/STM32CubeIDE/plugins/com.st.stm32cube.ide.mcu.externaltools.gnu-tools-for-stm32.12.3.rel1.win32_1.0.200.202406191623/tools/bin/../lib/gcc/arm-none-eabi/12.3.1/../../../../arm-none-eabi/lib/thumb/v7e-m+fp/hard\libc_nano.a(libc_a-findfp.o)
 .text.stdio_exit_handler
                0x0800c530       0x18 C:/ST/STM32CubeIDE_1.6.0/STM32CubeIDE/plugins/com.st.stm32cube.ide.mcu.externaltools.gnu-tools-for-stm32.12.3.rel1.win32_1.0.200.202406191623/tools/bin/../lib/gcc/arm-none-eabi/12.3.1/../../../../arm-none-eabi/lib/thumb/v7e-m+fp/hard\libc_nano.a(libc_a-findfp.o)
 .text.cleanup_stdio
                0x0800c548       0x40 C:/ST/STM32CubeIDE_1.6.0/STM32CubeIDE/plugins/com.st.stm32cube.ide.mcu.externaltools.gnu-tools-for-stm32.12.3.rel1.win32_1.0.200.202406191623/tools/bin/../lib/gcc/arm-none-eabi/12.3.1/../../../../arm-none-eabi/lib/thumb/v7e-m+fp/hard\libc_nano.a(libc_a-findfp.o)
 .text.global_stdio_init.part.0
                0x0800c588       0x3c C:/ST/STM32CubeIDE_1.6.0/STM32CubeIDE/plugins/com.st.stm32cube.ide.mcu.externaltools.gnu-tools-for-stm32.12.3.rel1.win32_1.0.200.202406191623/tools/bin/../lib/gcc/arm-none-eabi/12.3.1/../../../../arm-none-eabi/lib/thumb/v7e-m+fp/hard\libc_nano.a(libc_a-findfp.o)
 .text.__sfp_lock_acquire
                0x0800c5c4        0xc C:/ST/STM32CubeIDE_1.6.0/STM32CubeIDE/plugins/com.st.stm32cube.ide.mcu.externaltools.gnu-tools-for-stm32.12.3.rel1.win32_1.0.200.202406191623/tools/bin/../lib/gcc/arm-none-eabi/12.3.1/../../../../arm-none-eabi/lib/thumb/v7e-m+fp/hard\libc_nano.a(libc_a-findfp.o)
                0x0800c5c4                __sfp_lock_acquire
 .text.__sfp_lock_release
                0x0800c5d0        0xc C:/ST/STM32CubeIDE_1.6.0/STM32CubeIDE/plugins/com.st.stm32cube.ide.mcu.externaltools.gnu-tools-for-stm32.12.3.rel1.win32_1.0.200.202406191623/tools/bin/../lib/gcc/arm-none-eabi/12.3.1/../../../../arm-none-eabi/lib/thumb/v7e-m+fp/hard\libc_nano.a(libc_a-findfp.o)
                0x0800c5d0                __sfp_lock_release
 .text.__sinit  0x0800c5dc       0x30 C:/ST/STM32CubeIDE_1.6.0/STM32CubeIDE/plugins/com.st.stm32cube.ide.mcu.externaltools.gnu-tools-for-stm32.12.3.rel1.win32_1.0.200.202406191623/tools/bin/../lib/gcc/arm-none-eabi/12.3.1/../../../../arm-none-eabi/lib/thumb/v7e-m+fp/hard\libc_nano.a(libc_a-findfp.o)
                0x0800c5dc                __sinit
 .text._fwalk_sglue
                0x0800c60c       0x3c C:/ST/STM32CubeIDE_1.6.0/STM32CubeIDE/plugins/com.st.stm32cube.ide.mcu.externaltools.gnu-tools-for-stm32.12.3.rel1.win32_1.0.200.202406191623/tools/bin/../lib/gcc/arm-none-eabi/12.3.1/../../../../arm-none-eabi/lib/thumb/v7e-m+fp/hard\libc_nano.a(libc_a-fwalk.o)
                0x0800c60c                _fwalk_sglue
 .text.sprintf  0x0800c648       0x40 C:/ST/STM32CubeIDE_1.6.0/STM32CubeIDE/plugins/com.st.stm32cube.ide.mcu.externaltools.gnu-tools-for-stm32.12.3.rel1.win32_1.0.200.202406191623/tools/bin/../lib/gcc/arm-none-eabi/12.3.1/../../../../arm-none-eabi/lib/thumb/v7e-m+fp/hard\libc_nano.a(libc_a-sprintf.o)
                0x0800c648                siprintf
                0x0800c648                sprintf
 .text.__sread  0x0800c688       0x22 C:/ST/STM32CubeIDE_1.6.0/STM32CubeIDE/plugins/com.st.stm32cube.ide.mcu.externaltools.gnu-tools-for-stm32.12.3.rel1.win32_1.0.200.202406191623/tools/bin/../lib/gcc/arm-none-eabi/12.3.1/../../../../arm-none-eabi/lib/thumb/v7e-m+fp/hard\libc_nano.a(libc_a-stdio.o)
                0x0800c688                __sread
 .text.__swrite
                0x0800c6aa       0x38 C:/ST/STM32CubeIDE_1.6.0/STM32CubeIDE/plugins/com.st.stm32cube.ide.mcu.externaltools.gnu-tools-for-stm32.12.3.rel1.win32_1.0.200.202406191623/tools/bin/../lib/gcc/arm-none-eabi/12.3.1/../../../../arm-none-eabi/lib/thumb/v7e-m+fp/hard\libc_nano.a(libc_a-stdio.o)
                0x0800c6aa                __swrite
 .text.__sseek  0x0800c6e2       0x24 C:/ST/STM32CubeIDE_1.6.0/STM32CubeIDE/plugins/com.st.stm32cube.ide.mcu.externaltools.gnu-tools-for-stm32.12.3.rel1.win32_1.0.200.202406191623/tools/bin/../lib/gcc/arm-none-eabi/12.3.1/../../../../arm-none-eabi/lib/thumb/v7e-m+fp/hard\libc_nano.a(libc_a-stdio.o)
                0x0800c6e2                __sseek
 .text.__sclose
                0x0800c706        0x8 C:/ST/STM32CubeIDE_1.6.0/STM32CubeIDE/plugins/com.st.stm32cube.ide.mcu.externaltools.gnu-tools-for-stm32.12.3.rel1.win32_1.0.200.202406191623/tools/bin/../lib/gcc/arm-none-eabi/12.3.1/../../../../arm-none-eabi/lib/thumb/v7e-m+fp/hard\libc_nano.a(libc_a-stdio.o)
                0x0800c706                __sclose
 .text.memset   0x0800c70e       0x10 C:/ST/STM32CubeIDE_1.6.0/STM32CubeIDE/plugins/com.st.stm32cube.ide.mcu.externaltools.gnu-tools-for-stm32.12.3.rel1.win32_1.0.200.202406191623/tools/bin/../lib/gcc/arm-none-eabi/12.3.1/../../../../arm-none-eabi/lib/thumb/v7e-m+fp/hard\libc_nano.a(libc_a-memset.o)
                0x0800c70e                memset
 *fill*         0x0800c71e        0x2 
 .text._localeconv_r
                0x0800c720        0x8 C:/ST/STM32CubeIDE_1.6.0/STM32CubeIDE/plugins/com.st.stm32cube.ide.mcu.externaltools.gnu-tools-for-stm32.12.3.rel1.win32_1.0.200.202406191623/tools/bin/../lib/gcc/arm-none-eabi/12.3.1/../../../../arm-none-eabi/lib/thumb/v7e-m+fp/hard\libc_nano.a(libc_a-localeconv.o)
                0x0800c720                _localeconv_r
 .text._close_r
                0x0800c728       0x20 C:/ST/STM32CubeIDE_1.6.0/STM32CubeIDE/plugins/com.st.stm32cube.ide.mcu.externaltools.gnu-tools-for-stm32.12.3.rel1.win32_1.0.200.202406191623/tools/bin/../lib/gcc/arm-none-eabi/12.3.1/../../../../arm-none-eabi/lib/thumb/v7e-m+fp/hard\libc_nano.a(libc_a-closer.o)
                0x0800c728                _close_r
 .text._lseek_r
                0x0800c748       0x24 C:/ST/STM32CubeIDE_1.6.0/STM32CubeIDE/plugins/com.st.stm32cube.ide.mcu.externaltools.gnu-tools-for-stm32.12.3.rel1.win32_1.0.200.202406191623/tools/bin/../lib/gcc/arm-none-eabi/12.3.1/../../../../arm-none-eabi/lib/thumb/v7e-m+fp/hard\libc_nano.a(libc_a-lseekr.o)
                0x0800c748                _lseek_r
 .text._read_r  0x0800c76c       0x24 C:/ST/STM32CubeIDE_1.6.0/STM32CubeIDE/plugins/com.st.stm32cube.ide.mcu.externaltools.gnu-tools-for-stm32.12.3.rel1.win32_1.0.200.202406191623/tools/bin/../lib/gcc/arm-none-eabi/12.3.1/../../../../arm-none-eabi/lib/thumb/v7e-m+fp/hard\libc_nano.a(libc_a-readr.o)
                0x0800c76c                _read_r
 .text._write_r
                0x0800c790       0x24 C:/ST/STM32CubeIDE_1.6.0/STM32CubeIDE/plugins/com.st.stm32cube.ide.mcu.externaltools.gnu-tools-for-stm32.12.3.rel1.win32_1.0.200.202406191623/tools/bin/../lib/gcc/arm-none-eabi/12.3.1/../../../../arm-none-eabi/lib/thumb/v7e-m+fp/hard\libc_nano.a(libc_a-writer.o)
                0x0800c790                _write_r
 .text.__errno  0x0800c7b4        0xc C:/ST/STM32CubeIDE_1.6.0/STM32CubeIDE/plugins/com.st.stm32cube.ide.mcu.externaltools.gnu-tools-for-stm32.12.3.rel1.win32_1.0.200.202406191623/tools/bin/../lib/gcc/arm-none-eabi/12.3.1/../../../../arm-none-eabi/lib/thumb/v7e-m+fp/hard\libc_nano.a(libc_a-errno.o)
                0x0800c7b4                __errno
 .text.__libc_init_array
                0x0800c7c0       0x48 C:/ST/STM32CubeIDE_1.6.0/STM32CubeIDE/plugins/com.st.stm32cube.ide.mcu.externaltools.gnu-tools-for-stm32.12.3.rel1.win32_1.0.200.202406191623/tools/bin/../lib/gcc/arm-none-eabi/12.3.1/../../../../arm-none-eabi/lib/thumb/v7e-m+fp/hard\libc_nano.a(libc_a-init.o)
                0x0800c7c0                __libc_init_array
 .text.__retarget_lock_init_recursive
                0x0800c808        0x2 C:/ST/STM32CubeIDE_1.6.0/STM32CubeIDE/plugins/com.st.stm32cube.ide.mcu.externaltools.gnu-tools-for-stm32.12.3.rel1.win32_1.0.200.202406191623/tools/bin/../lib/gcc/arm-none-eabi/12.3.1/../../../../arm-none-eabi/lib/thumb/v7e-m+fp/hard\libc_nano.a(libc_a-lock.o)
                0x0800c808                __retarget_lock_init_recursive
 .text.__retarget_lock_acquire_recursive
                0x0800c80a        0x2 C:/ST/STM32CubeIDE_1.6.0/STM32CubeIDE/plugins/com.st.stm32cube.ide.mcu.externaltools.gnu-tools-for-stm32.12.3.rel1.win32_1.0.200.202406191623/tools/bin/../lib/gcc/arm-none-eabi/12.3.1/../../../../arm-none-eabi/lib/thumb/v7e-m+fp/hard\libc_nano.a(libc_a-lock.o)
                0x0800c80a                __retarget_lock_acquire_recursive
 .text.__retarget_lock_release_recursive
                0x0800c80c        0x2 C:/ST/STM32CubeIDE_1.6.0/STM32CubeIDE/plugins/com.st.stm32cube.ide.mcu.externaltools.gnu-tools-for-stm32.12.3.rel1.win32_1.0.200.202406191623/tools/bin/../lib/gcc/arm-none-eabi/12.3.1/../../../../arm-none-eabi/lib/thumb/v7e-m+fp/hard\libc_nano.a(libc_a-lock.o)
                0x0800c80c                __retarget_lock_release_recursive
 .text.memcpy   0x0800c80e       0x1c C:/ST/STM32CubeIDE_1.6.0/STM32CubeIDE/plugins/com.st.stm32cube.ide.mcu.externaltools.gnu-tools-for-stm32.12.3.rel1.win32_1.0.200.202406191623/tools/bin/../lib/gcc/arm-none-eabi/12.3.1/../../../../arm-none-eabi/lib/thumb/v7e-m+fp/hard\libc_nano.a(libc_a-memcpy-stub.o)
                0x0800c80e                memcpy
 .text.quorem   0x0800c82a      0x110 C:/ST/STM32CubeIDE_1.6.0/STM32CubeIDE/plugins/com.st.stm32cube.ide.mcu.externaltools.gnu-tools-for-stm32.12.3.rel1.win32_1.0.200.202406191623/tools/bin/../lib/gcc/arm-none-eabi/12.3.1/../../../../arm-none-eabi/lib/thumb/v7e-m+fp/hard\libc_nano.a(libc_a-dtoa.o)
 *fill*         0x0800c93a        0x6 
 .text._dtoa_r  0x0800c940      0xb88 C:/ST/STM32CubeIDE_1.6.0/STM32CubeIDE/plugins/com.st.stm32cube.ide.mcu.externaltools.gnu-tools-for-stm32.12.3.rel1.win32_1.0.200.202406191623/tools/bin/../lib/gcc/arm-none-eabi/12.3.1/../../../../arm-none-eabi/lib/thumb/v7e-m+fp/hard\libc_nano.a(libc_a-dtoa.o)
                0x0800c940                _dtoa_r
 .text._free_r  0x0800d4c8       0x94 C:/ST/STM32CubeIDE_1.6.0/STM32CubeIDE/plugins/com.st.stm32cube.ide.mcu.externaltools.gnu-tools-for-stm32.12.3.rel1.win32_1.0.200.202406191623/tools/bin/../lib/gcc/arm-none-eabi/12.3.1/../../../../arm-none-eabi/lib/thumb/v7e-m+fp/hard\libc_nano.a(libc_a-freer.o)
                0x0800d4c8                _free_r
 .text.malloc   0x0800d55c       0x10 C:/ST/STM32CubeIDE_1.6.0/STM32CubeIDE/plugins/com.st.stm32cube.ide.mcu.externaltools.gnu-tools-for-stm32.12.3.rel1.win32_1.0.200.202406191623/tools/bin/../lib/gcc/arm-none-eabi/12.3.1/../../../../arm-none-eabi/lib/thumb/v7e-m+fp/hard\libc_nano.a(libc_a-malloc.o)
                0x0800d55c                malloc
 .text.sbrk_aligned
                0x0800d56c       0x44 C:/ST/STM32CubeIDE_1.6.0/STM32CubeIDE/plugins/com.st.stm32cube.ide.mcu.externaltools.gnu-tools-for-stm32.12.3.rel1.win32_1.0.200.202406191623/tools/bin/../lib/gcc/arm-none-eabi/12.3.1/../../../../arm-none-eabi/lib/thumb/v7e-m+fp/hard\libc_nano.a(libc_a-mallocr.o)
 .text._malloc_r
                0x0800d5b0      0x100 C:/ST/STM32CubeIDE_1.6.0/STM32CubeIDE/plugins/com.st.stm32cube.ide.mcu.externaltools.gnu-tools-for-stm32.12.3.rel1.win32_1.0.200.202406191623/tools/bin/../lib/gcc/arm-none-eabi/12.3.1/../../../../arm-none-eabi/lib/thumb/v7e-m+fp/hard\libc_nano.a(libc_a-mallocr.o)
                0x0800d5b0                _malloc_r
 .text.__malloc_lock
                0x0800d6b0        0xc C:/ST/STM32CubeIDE_1.6.0/STM32CubeIDE/plugins/com.st.stm32cube.ide.mcu.externaltools.gnu-tools-for-stm32.12.3.rel1.win32_1.0.200.202406191623/tools/bin/../lib/gcc/arm-none-eabi/12.3.1/../../../../arm-none-eabi/lib/thumb/v7e-m+fp/hard\libc_nano.a(libc_a-mlock.o)
                0x0800d6b0                __malloc_lock
 .text.__malloc_unlock
                0x0800d6bc        0xc C:/ST/STM32CubeIDE_1.6.0/STM32CubeIDE/plugins/com.st.stm32cube.ide.mcu.externaltools.gnu-tools-for-stm32.12.3.rel1.win32_1.0.200.202406191623/tools/bin/../lib/gcc/arm-none-eabi/12.3.1/../../../../arm-none-eabi/lib/thumb/v7e-m+fp/hard\libc_nano.a(libc_a-mlock.o)
                0x0800d6bc                __malloc_unlock
 .text._Balloc  0x0800d6c8       0x80 C:/ST/STM32CubeIDE_1.6.0/STM32CubeIDE/plugins/com.st.stm32cube.ide.mcu.externaltools.gnu-tools-for-stm32.12.3.rel1.win32_1.0.200.202406191623/tools/bin/../lib/gcc/arm-none-eabi/12.3.1/../../../../arm-none-eabi/lib/thumb/v7e-m+fp/hard\libc_nano.a(libc_a-mprec.o)
                0x0800d6c8                _Balloc
 .text._Bfree   0x0800d748       0x44 C:/ST/STM32CubeIDE_1.6.0/STM32CubeIDE/plugins/com.st.stm32cube.ide.mcu.externaltools.gnu-tools-for-stm32.12.3.rel1.win32_1.0.200.202406191623/tools/bin/../lib/gcc/arm-none-eabi/12.3.1/../../../../arm-none-eabi/lib/thumb/v7e-m+fp/hard\libc_nano.a(libc_a-mprec.o)
                0x0800d748                _Bfree
 .text.__multadd
                0x0800d78c       0x8c C:/ST/STM32CubeIDE_1.6.0/STM32CubeIDE/plugins/com.st.stm32cube.ide.mcu.externaltools.gnu-tools-for-stm32.12.3.rel1.win32_1.0.200.202406191623/tools/bin/../lib/gcc/arm-none-eabi/12.3.1/../../../../arm-none-eabi/lib/thumb/v7e-m+fp/hard\libc_nano.a(libc_a-mprec.o)
                0x0800d78c                __multadd
 .text.__hi0bits
                0x0800d818       0x3e C:/ST/STM32CubeIDE_1.6.0/STM32CubeIDE/plugins/com.st.stm32cube.ide.mcu.externaltools.gnu-tools-for-stm32.12.3.rel1.win32_1.0.200.202406191623/tools/bin/../lib/gcc/arm-none-eabi/12.3.1/../../../../arm-none-eabi/lib/thumb/v7e-m+fp/hard\libc_nano.a(libc_a-mprec.o)
                0x0800d818                __hi0bits
 .text.__lo0bits
                0x0800d856       0x5a C:/ST/STM32CubeIDE_1.6.0/STM32CubeIDE/plugins/com.st.stm32cube.ide.mcu.externaltools.gnu-tools-for-stm32.12.3.rel1.win32_1.0.200.202406191623/tools/bin/../lib/gcc/arm-none-eabi/12.3.1/../../../../arm-none-eabi/lib/thumb/v7e-m+fp/hard\libc_nano.a(libc_a-mprec.o)
                0x0800d856                __lo0bits
 .text.__i2b    0x0800d8b0       0x2c C:/ST/STM32CubeIDE_1.6.0/STM32CubeIDE/plugins/com.st.stm32cube.ide.mcu.externaltools.gnu-tools-for-stm32.12.3.rel1.win32_1.0.200.202406191623/tools/bin/../lib/gcc/arm-none-eabi/12.3.1/../../../../arm-none-eabi/lib/thumb/v7e-m+fp/hard\libc_nano.a(libc_a-mprec.o)
                0x0800d8b0                __i2b
 .text.__multiply
                0x0800d8dc      0x154 C:/ST/STM32CubeIDE_1.6.0/STM32CubeIDE/plugins/com.st.stm32cube.ide.mcu.externaltools.gnu-tools-for-stm32.12.3.rel1.win32_1.0.200.202406191623/tools/bin/../lib/gcc/arm-none-eabi/12.3.1/../../../../arm-none-eabi/lib/thumb/v7e-m+fp/hard\libc_nano.a(libc_a-mprec.o)
                0x0800d8dc                __multiply
 .text.__pow5mult
                0x0800da30       0xb4 C:/ST/STM32CubeIDE_1.6.0/STM32CubeIDE/plugins/com.st.stm32cube.ide.mcu.externaltools.gnu-tools-for-stm32.12.3.rel1.win32_1.0.200.202406191623/tools/bin/../lib/gcc/arm-none-eabi/12.3.1/../../../../arm-none-eabi/lib/thumb/v7e-m+fp/hard\libc_nano.a(libc_a-mprec.o)
                0x0800da30                __pow5mult
 .text.__lshift
                0x0800dae4       0xd8 C:/ST/STM32CubeIDE_1.6.0/STM32CubeIDE/plugins/com.st.stm32cube.ide.mcu.externaltools.gnu-tools-for-stm32.12.3.rel1.win32_1.0.200.202406191623/tools/bin/../lib/gcc/arm-none-eabi/12.3.1/../../../../arm-none-eabi/lib/thumb/v7e-m+fp/hard\libc_nano.a(libc_a-mprec.o)
                0x0800dae4                __lshift
 .text.__mcmp   0x0800dbbc       0x36 C:/ST/STM32CubeIDE_1.6.0/STM32CubeIDE/plugins/com.st.stm32cube.ide.mcu.externaltools.gnu-tools-for-stm32.12.3.rel1.win32_1.0.200.202406191623/tools/bin/../lib/gcc/arm-none-eabi/12.3.1/../../../../arm-none-eabi/lib/thumb/v7e-m+fp/hard\libc_nano.a(libc_a-mprec.o)
                0x0800dbbc                __mcmp
 *fill*         0x0800dbf2        0x2 
 .text.__mdiff  0x0800dbf4      0x128 C:/ST/STM32CubeIDE_1.6.0/STM32CubeIDE/plugins/com.st.stm32cube.ide.mcu.externaltools.gnu-tools-for-stm32.12.3.rel1.win32_1.0.200.202406191623/tools/bin/../lib/gcc/arm-none-eabi/12.3.1/../../../../arm-none-eabi/lib/thumb/v7e-m+fp/hard\libc_nano.a(libc_a-mprec.o)
                0x0800dbf4                __mdiff
 .text.__d2b    0x0800dd1c       0xb0 C:/ST/STM32CubeIDE_1.6.0/STM32CubeIDE/plugins/com.st.stm32cube.ide.mcu.externaltools.gnu-tools-for-stm32.12.3.rel1.win32_1.0.200.202406191623/tools/bin/../lib/gcc/arm-none-eabi/12.3.1/../../../../arm-none-eabi/lib/thumb/v7e-m+fp/hard\libc_nano.a(libc_a-mprec.o)
                0x0800dd1c                __d2b
 .text.__ssputs_r
                0x0800ddcc       0xb6 C:/ST/STM32CubeIDE_1.6.0/STM32CubeIDE/plugins/com.st.stm32cube.ide.mcu.externaltools.gnu-tools-for-stm32.12.3.rel1.win32_1.0.200.202406191623/tools/bin/../lib/gcc/arm-none-eabi/12.3.1/../../../../arm-none-eabi/lib/thumb/v7e-m+fp/hard\libc_nano.a(libc_a-nano-svfprintf.o)
                0x0800ddcc                __ssputs_r
 *fill*         0x0800de82        0x2 
 .text._svfprintf_r
                0x0800de84      0x1f8 C:/ST/STM32CubeIDE_1.6.0/STM32CubeIDE/plugins/com.st.stm32cube.ide.mcu.externaltools.gnu-tools-for-stm32.12.3.rel1.win32_1.0.200.202406191623/tools/bin/../lib/gcc/arm-none-eabi/12.3.1/../../../../arm-none-eabi/lib/thumb/v7e-m+fp/hard\libc_nano.a(libc_a-nano-svfprintf.o)
                0x0800de84                _svfiprintf_r
                0x0800de84                _svfprintf_r
 .text.__sflush_r
                0x0800e07c      0x108 C:/ST/STM32CubeIDE_1.6.0/STM32CubeIDE/plugins/com.st.stm32cube.ide.mcu.externaltools.gnu-tools-for-stm32.12.3.rel1.win32_1.0.200.202406191623/tools/bin/../lib/gcc/arm-none-eabi/12.3.1/../../../../arm-none-eabi/lib/thumb/v7e-m+fp/hard\libc_nano.a(libc_a-fflush.o)
                0x0800e07c                __sflush_r
 .text._fflush_r
                0x0800e184       0x50 C:/ST/STM32CubeIDE_1.6.0/STM32CubeIDE/plugins/com.st.stm32cube.ide.mcu.externaltools.gnu-tools-for-stm32.12.3.rel1.win32_1.0.200.202406191623/tools/bin/../lib/gcc/arm-none-eabi/12.3.1/../../../../arm-none-eabi/lib/thumb/v7e-m+fp/hard\libc_nano.a(libc_a-fflush.o)
                0x0800e184                _fflush_r
 .text.memmove  0x0800e1d4       0x34 C:/ST/STM32CubeIDE_1.6.0/STM32CubeIDE/plugins/com.st.stm32cube.ide.mcu.externaltools.gnu-tools-for-stm32.12.3.rel1.win32_1.0.200.202406191623/tools/bin/../lib/gcc/arm-none-eabi/12.3.1/../../../../arm-none-eabi/lib/thumb/v7e-m+fp/hard\libc_nano.a(libc_a-memmove.o)
                0x0800e1d4                memmove
 .text._sbrk_r  0x0800e208       0x20 C:/ST/STM32CubeIDE_1.6.0/STM32CubeIDE/plugins/com.st.stm32cube.ide.mcu.externaltools.gnu-tools-for-stm32.12.3.rel1.win32_1.0.200.202406191623/tools/bin/../lib/gcc/arm-none-eabi/12.3.1/../../../../arm-none-eabi/lib/thumb/v7e-m+fp/hard\libc_nano.a(libc_a-sbrkr.o)
                0x0800e208                _sbrk_r
 .text.__assert_func
                0x0800e228       0x3c C:/ST/STM32CubeIDE_1.6.0/STM32CubeIDE/plugins/com.st.stm32cube.ide.mcu.externaltools.gnu-tools-for-stm32.12.3.rel1.win32_1.0.200.202406191623/tools/bin/../lib/gcc/arm-none-eabi/12.3.1/../../../../arm-none-eabi/lib/thumb/v7e-m+fp/hard\libc_nano.a(libc_a-assert.o)
                0x0800e228                __assert_func
 .text._calloc_r
                0x0800e264       0x28 C:/ST/STM32CubeIDE_1.6.0/STM32CubeIDE/plugins/com.st.stm32cube.ide.mcu.externaltools.gnu-tools-for-stm32.12.3.rel1.win32_1.0.200.202406191623/tools/bin/../lib/gcc/arm-none-eabi/12.3.1/../../../../arm-none-eabi/lib/thumb/v7e-m+fp/hard\libc_nano.a(libc_a-callocr.o)
                0x0800e264                _calloc_r
 .text.__ascii_mbtowc
                0x0800e28c       0x24 C:/ST/STM32CubeIDE_1.6.0/STM32CubeIDE/plugins/com.st.stm32cube.ide.mcu.externaltools.gnu-tools-for-stm32.12.3.rel1.win32_1.0.200.202406191623/tools/bin/../lib/gcc/arm-none-eabi/12.3.1/../../../../arm-none-eabi/lib/thumb/v7e-m+fp/hard\libc_nano.a(libc_a-mbtowc_r.o)
                0x0800e28c                __ascii_mbtowc
 .text._realloc_r
                0x0800e2b0       0x5c C:/ST/STM32CubeIDE_1.6.0/STM32CubeIDE/plugins/com.st.stm32cube.ide.mcu.externaltools.gnu-tools-for-stm32.12.3.rel1.win32_1.0.200.202406191623/tools/bin/../lib/gcc/arm-none-eabi/12.3.1/../../../../arm-none-eabi/lib/thumb/v7e-m+fp/hard\libc_nano.a(libc_a-reallocr.o)
                0x0800e2b0                _realloc_r
 .text.__ascii_wctomb
                0x0800e30c       0x1a C:/ST/STM32CubeIDE_1.6.0/STM32CubeIDE/plugins/com.st.stm32cube.ide.mcu.externaltools.gnu-tools-for-stm32.12.3.rel1.win32_1.0.200.202406191623/tools/bin/../lib/gcc/arm-none-eabi/12.3.1/../../../../arm-none-eabi/lib/thumb/v7e-m+fp/hard\libc_nano.a(libc_a-wctomb_r.o)
                0x0800e30c                __ascii_wctomb
 *fill*         0x0800e326        0x2 
 .text.fprintf  0x0800e328       0x24 C:/ST/STM32CubeIDE_1.6.0/STM32CubeIDE/plugins/com.st.stm32cube.ide.mcu.externaltools.gnu-tools-for-stm32.12.3.rel1.win32_1.0.200.202406191623/tools/bin/../lib/gcc/arm-none-eabi/12.3.1/../../../../arm-none-eabi/lib/thumb/v7e-m+fp/hard\libc_nano.a(libc_a-fprintf.o)
                0x0800e328                fiprintf
                0x0800e328                fprintf
 .text.abort    0x0800e34c        0xe C:/ST/STM32CubeIDE_1.6.0/STM32CubeIDE/plugins/com.st.stm32cube.ide.mcu.externaltools.gnu-tools-for-stm32.12.3.rel1.win32_1.0.200.202406191623/tools/bin/../lib/gcc/arm-none-eabi/12.3.1/../../../../arm-none-eabi/lib/thumb/v7e-m+fp/hard\libc_nano.a(libc_a-abort.o)
                0x0800e34c                abort
 .text._malloc_usable_size_r
                0x0800e35a       0x10 C:/ST/STM32CubeIDE_1.6.0/STM32CubeIDE/plugins/com.st.stm32cube.ide.mcu.externaltools.gnu-tools-for-stm32.12.3.rel1.win32_1.0.200.202406191623/tools/bin/../lib/gcc/arm-none-eabi/12.3.1/../../../../arm-none-eabi/lib/thumb/v7e-m+fp/hard\libc_nano.a(libc_a-msizer.o)
                0x0800e35a                _malloc_usable_size_r
 .text.__sfputc_r
                0x0800e36a       0x2e C:/ST/STM32CubeIDE_1.6.0/STM32CubeIDE/plugins/com.st.stm32cube.ide.mcu.externaltools.gnu-tools-for-stm32.12.3.rel1.win32_1.0.200.202406191623/tools/bin/../lib/gcc/arm-none-eabi/12.3.1/../../../../arm-none-eabi/lib/thumb/v7e-m+fp/hard\libc_nano.a(libc_a-nano-vfprintf.o)
 .text.__sfputs_r
                0x0800e398       0x24 C:/ST/STM32CubeIDE_1.6.0/STM32CubeIDE/plugins/com.st.stm32cube.ide.mcu.externaltools.gnu-tools-for-stm32.12.3.rel1.win32_1.0.200.202406191623/tools/bin/../lib/gcc/arm-none-eabi/12.3.1/../../../../arm-none-eabi/lib/thumb/v7e-m+fp/hard\libc_nano.a(libc_a-nano-vfprintf.o)
                0x0800e398                __sfputs_r
 .text._vfprintf_r
                0x0800e3bc      0x230 C:/ST/STM32CubeIDE_1.6.0/STM32CubeIDE/plugins/com.st.stm32cube.ide.mcu.externaltools.gnu-tools-for-stm32.12.3.rel1.win32_1.0.200.202406191623/tools/bin/../lib/gcc/arm-none-eabi/12.3.1/../../../../arm-none-eabi/lib/thumb/v7e-m+fp/hard\libc_nano.a(libc_a-nano-vfprintf.o)
                0x0800e3bc                _vfprintf_r
                0x0800e3bc                _vfiprintf_r
 .text.__swbuf_r
                0x0800e5ec       0x7c C:/ST/STM32CubeIDE_1.6.0/STM32CubeIDE/plugins/com.st.stm32cube.ide.mcu.externaltools.gnu-tools-for-stm32.12.3.rel1.win32_1.0.200.202406191623/tools/bin/../lib/gcc/arm-none-eabi/12.3.1/../../../../arm-none-eabi/lib/thumb/v7e-m+fp/hard\libc_nano.a(libc_a-wbuf.o)
                0x0800e5ec                __swbuf_r
 .text.__swsetup_r
                0x0800e668       0xac C:/ST/STM32CubeIDE_1.6.0/STM32CubeIDE/plugins/com.st.stm32cube.ide.mcu.externaltools.gnu-tools-for-stm32.12.3.rel1.win32_1.0.200.202406191623/tools/bin/../lib/gcc/arm-none-eabi/12.3.1/../../../../arm-none-eabi/lib/thumb/v7e-m+fp/hard\libc_nano.a(libc_a-wsetup.o)
                0x0800e668                __swsetup_r
 .text._raise_r
                0x0800e714       0x50 C:/ST/STM32CubeIDE_1.6.0/STM32CubeIDE/plugins/com.st.stm32cube.ide.mcu.externaltools.gnu-tools-for-stm32.12.3.rel1.win32_1.0.200.202406191623/tools/bin/../lib/gcc/arm-none-eabi/12.3.1/../../../../arm-none-eabi/lib/thumb/v7e-m+fp/hard\libc_nano.a(libc_a-signal.o)
                0x0800e714                _raise_r
 .text.raise    0x0800e764       0x10 C:/ST/STM32CubeIDE_1.6.0/STM32CubeIDE/plugins/com.st.stm32cube.ide.mcu.externaltools.gnu-tools-for-stm32.12.3.rel1.win32_1.0.200.202406191623/tools/bin/../lib/gcc/arm-none-eabi/12.3.1/../../../../arm-none-eabi/lib/thumb/v7e-m+fp/hard\libc_nano.a(libc_a-signal.o)
                0x0800e764                raise
 .text._kill_r  0x0800e774       0x24 C:/ST/STM32CubeIDE_1.6.0/STM32CubeIDE/plugins/com.st.stm32cube.ide.mcu.externaltools.gnu-tools-for-stm32.12.3.rel1.win32_1.0.200.202406191623/tools/bin/../lib/gcc/arm-none-eabi/12.3.1/../../../../arm-none-eabi/lib/thumb/v7e-m+fp/hard\libc_nano.a(libc_a-signalr.o)
                0x0800e774                _kill_r
 .text._getpid_r
                0x0800e798        0x4 C:/ST/STM32CubeIDE_1.6.0/STM32CubeIDE/plugins/com.st.stm32cube.ide.mcu.externaltools.gnu-tools-for-stm32.12.3.rel1.win32_1.0.200.202406191623/tools/bin/../lib/gcc/arm-none-eabi/12.3.1/../../../../arm-none-eabi/lib/thumb/v7e-m+fp/hard\libc_nano.a(libc_a-signalr.o)
                0x0800e798                _getpid_r
 .text.__swhatbuf_r
                0x0800e79c       0x4c C:/ST/STM32CubeIDE_1.6.0/STM32CubeIDE/plugins/com.st.stm32cube.ide.mcu.externaltools.gnu-tools-for-stm32.12.3.rel1.win32_1.0.200.202406191623/tools/bin/../lib/gcc/arm-none-eabi/12.3.1/../../../../arm-none-eabi/lib/thumb/v7e-m+fp/hard\libc_nano.a(libc_a-makebuf.o)
                0x0800e79c                __swhatbuf_r
 .text.__smakebuf_r
                0x0800e7e8       0x78 C:/ST/STM32CubeIDE_1.6.0/STM32CubeIDE/plugins/com.st.stm32cube.ide.mcu.externaltools.gnu-tools-for-stm32.12.3.rel1.win32_1.0.200.202406191623/tools/bin/../lib/gcc/arm-none-eabi/12.3.1/../../../../arm-none-eabi/lib/thumb/v7e-m+fp/hard\libc_nano.a(libc_a-makebuf.o)
                0x0800e7e8                __smakebuf_r
 .text._fstat_r
                0x0800e860       0x24 C:/ST/STM32CubeIDE_1.6.0/STM32CubeIDE/plugins/com.st.stm32cube.ide.mcu.externaltools.gnu-tools-for-stm32.12.3.rel1.win32_1.0.200.202406191623/tools/bin/../lib/gcc/arm-none-eabi/12.3.1/../../../../arm-none-eabi/lib/thumb/v7e-m+fp/hard\libc_nano.a(libc_a-fstatr.o)
                0x0800e860                _fstat_r
 .text._isatty_r
                0x0800e884       0x20 C:/ST/STM32CubeIDE_1.6.0/STM32CubeIDE/plugins/com.st.stm32cube.ide.mcu.externaltools.gnu-tools-for-stm32.12.3.rel1.win32_1.0.200.202406191623/tools/bin/../lib/gcc/arm-none-eabi/12.3.1/../../../../arm-none-eabi/lib/thumb/v7e-m+fp/hard\libc_nano.a(libc_a-isattyr.o)
                0x0800e884                _isatty_r
 .text.fmodf    0x0800e8a4       0x40 C:/ST/STM32CubeIDE_1.6.0/STM32CubeIDE/plugins/com.st.stm32cube.ide.mcu.externaltools.gnu-tools-for-stm32.12.3.rel1.win32_1.0.200.202406191623/tools/bin/../lib/gcc/arm-none-eabi/12.3.1/../../../../arm-none-eabi/lib/thumb/v7e-m+fp/hard\libm.a(libm_a-wf_fmod.o)
                0x0800e8a4                fmodf
 .text.cosf     0x0800e8e4       0x88 C:/ST/STM32CubeIDE_1.6.0/STM32CubeIDE/plugins/com.st.stm32cube.ide.mcu.externaltools.gnu-tools-for-stm32.12.3.rel1.win32_1.0.200.202406191623/tools/bin/../lib/gcc/arm-none-eabi/12.3.1/../../../../arm-none-eabi/lib/thumb/v7e-m+fp/hard\libm.a(libm_a-sf_cos.o)
                0x0800e8e4                cosf
 .text.sinf     0x0800e96c       0x8c C:/ST/STM32CubeIDE_1.6.0/STM32CubeIDE/plugins/com.st.stm32cube.ide.mcu.externaltools.gnu-tools-for-stm32.12.3.rel1.win32_1.0.200.202406191623/tools/bin/../lib/gcc/arm-none-eabi/12.3.1/../../../../arm-none-eabi/lib/thumb/v7e-m+fp/hard\libm.a(libm_a-sf_sin.o)
                0x0800e96c                sinf
 .text.fmaxf    0x0800e9f8       0x3a C:/ST/STM32CubeIDE_1.6.0/STM32CubeIDE/plugins/com.st.stm32cube.ide.mcu.externaltools.gnu-tools-for-stm32.12.3.rel1.win32_1.0.200.202406191623/tools/bin/../lib/gcc/arm-none-eabi/12.3.1/../../../../arm-none-eabi/lib/thumb/v7e-m+fp/hard\libm.a(libm_a-sf_fmax.o)
                0x0800e9f8                fmaxf
 .text.fminf    0x0800ea32       0x3a C:/ST/STM32CubeIDE_1.6.0/STM32CubeIDE/plugins/com.st.stm32cube.ide.mcu.externaltools.gnu-tools-for-stm32.12.3.rel1.win32_1.0.200.202406191623/tools/bin/../lib/gcc/arm-none-eabi/12.3.1/../../../../arm-none-eabi/lib/thumb/v7e-m+fp/hard\libm.a(libm_a-sf_fmin.o)
                0x0800ea32                fminf
 .text.__fpclassifyf
                0x0800ea6c       0x38 C:/ST/STM32CubeIDE_1.6.0/STM32CubeIDE/plugins/com.st.stm32cube.ide.mcu.externaltools.gnu-tools-for-stm32.12.3.rel1.win32_1.0.200.202406191623/tools/bin/../lib/gcc/arm-none-eabi/12.3.1/../../../../arm-none-eabi/lib/thumb/v7e-m+fp/hard\libm.a(libm_a-sf_fpclassify.o)
                0x0800ea6c                __fpclassifyf
 .text.__kernel_cosf
                0x0800eaa4       0xb0 C:/ST/STM32CubeIDE_1.6.0/STM32CubeIDE/plugins/com.st.stm32cube.ide.mcu.externaltools.gnu-tools-for-stm32.12.3.rel1.win32_1.0.200.202406191623/tools/bin/../lib/gcc/arm-none-eabi/12.3.1/../../../../arm-none-eabi/lib/thumb/v7e-m+fp/hard\libm.a(libm_a-kf_cos.o)
                0x0800eaa4                __kernel_cosf
 .text.__kernel_sinf
                0x0800eb54       0x90 C:/ST/STM32CubeIDE_1.6.0/STM32CubeIDE/plugins/com.st.stm32cube.ide.mcu.externaltools.gnu-tools-for-stm32.12.3.rel1.win32_1.0.200.202406191623/tools/bin/../lib/gcc/arm-none-eabi/12.3.1/../../../../arm-none-eabi/lib/thumb/v7e-m+fp/hard\libm.a(libm_a-kf_sin.o)
                0x0800eb54                __kernel_sinf
 .text.__ieee754_fmodf
                0x0800ebe4      0x104 C:/ST/STM32CubeIDE_1.6.0/STM32CubeIDE/plugins/com.st.stm32cube.ide.mcu.externaltools.gnu-tools-for-stm32.12.3.rel1.win32_1.0.200.202406191623/tools/bin/../lib/gcc/arm-none-eabi/12.3.1/../../../../arm-none-eabi/lib/thumb/v7e-m+fp/hard\libm.a(libm_a-ef_fmod.o)
                0x0800ebe4                __ieee754_fmodf
 .text.__ieee754_rem_pio2f
                0x0800ece8      0x260 C:/ST/STM32CubeIDE_1.6.0/STM32CubeIDE/plugins/com.st.stm32cube.ide.mcu.externaltools.gnu-tools-for-stm32.12.3.rel1.win32_1.0.200.202406191623/tools/bin/../lib/gcc/arm-none-eabi/12.3.1/../../../../arm-none-eabi/lib/thumb/v7e-m+fp/hard\libm.a(libm_a-ef_rem_pio2.o)
                0x0800ece8                __ieee754_rem_pio2f
 .text.fabsf    0x0800ef48        0xe C:/ST/STM32CubeIDE_1.6.0/STM32CubeIDE/plugins/com.st.stm32cube.ide.mcu.externaltools.gnu-tools-for-stm32.12.3.rel1.win32_1.0.200.202406191623/tools/bin/../lib/gcc/arm-none-eabi/12.3.1/../../../../arm-none-eabi/lib/thumb/v7e-m+fp/hard\libm.a(libm_a-sf_fabs.o)
                0x0800ef48                fabsf
 *fill*         0x0800ef56        0x2 
 .text.__kernel_rem_pio2f